Component: ARM Compiler 5.06 update 3 (build 300) Tool: armlink [4d35c9]

==============================================================================

Section Cross References

    startup_stm32f10x_md.o(STACK) refers (Special) to heapauxi.o(.text) for __use_two_region_memory
    startup_stm32f10x_md.o(HEAP) refers (Special) to heapauxi.o(.text) for __use_two_region_memory
    startup_stm32f10x_md.o(RESET) refers (Special) to heapauxi.o(.text) for __use_two_region_memory
    startup_stm32f10x_md.o(RESET) refers to startup_stm32f10x_md.o(STACK) for __initial_sp
    startup_stm32f10x_md.o(RESET) refers to startup_stm32f10x_md.o(.text) for Reset_Handler
    startup_stm32f10x_md.o(RESET) refers to stm32f10x_it.o(.text) for NMI_Handler
    startup_stm32f10x_md.o(.text) refers (Special) to heapauxi.o(.text) for __use_two_region_memory
    startup_stm32f10x_md.o(.text) refers to system_stm32f10x.o(.text) for SystemInit
    startup_stm32f10x_md.o(.text) refers to __main.o(!!!main) for __main
    startup_stm32f10x_md.o(.text) refers to startup_stm32f10x_md.o(HEAP) for Heap_Mem
    startup_stm32f10x_md.o(.text) refers to startup_stm32f10x_md.o(STACK) for Stack_Mem
    system_stm32f10x.o(.text) refers to system_stm32f10x.o(.data) for SystemCoreClock
    main.o(.text) refers to pwmctrl.o(.text) for CalcDutyWeb
    main.o(.text) refers to bsp_in.o(.text) for GetOpenCircuit
    main.o(.text) refers to mid_flash.o(.text) for WrToFlash
    main.o(.text) refers to uartctrl.o(.text) for ModbusClear
    main.o(.text) refers to bsp_init.o(.text) for RCC_Configuration
    main.o(.text) refers to mid_ad.o(.text) for AdCalc
    main.o(.text) refers to mid_out.o(.text) for Output
    main.o(.text) refers to stm32f10x_iwdg.o(.text) for IWDG_ReloadCounter
    main.o(.text) refers to main.o(.bss) for m_para
    main.o(.text) refers to main.o(.data) for pm_st
    main.o(.text) refers to main.o(.constdata) for gRngTab
    main.o(.text) refers to mid_ad.o(.bss) for gAdBuff
    mid_ad.o(.text) refers to bsp_init.o(.text) for DMA_ReStart
    mid_ad.o(.text) refers to mid_ad.o(.constdata) for Ntc_Value
    mid_ad.o(.text) refers to mid_ad.o(.bss) for gAdBuff
    mid_ad.o(.text) refers to mid_ad.o(.data) for gAdOk
    mid_ad.o(.text) refers to main.o(.bss) for m_para
    uartctrl.o(.text) refers to stm32f10x_gpio.o(.text) for GPIO_SetBits
    uartctrl.o(.text) refers to stm32f10x_usart.o(.text) for USART_SendData
    uartctrl.o(.text) refers to uartctrl.o(.data) for Flag_RcvStep
    uartctrl.o(.text) refers to uartctrl.o(.bss) for RcvBuff
    mid_flash.o(.text) refers to stm32f10x_flash.o(.text) for FLASH_Unlock
    mid_flash.o(.text) refers to stm32f10x_iwdg.o(.text) for IWDG_ReloadCounter
    mid_flash.o(.text) refers to mid_flash.o(.constdata) for spPara
    mid_flash.o(.text) refers to main.o(.bss) for m_para
    mid_flash.o(.constdata) refers to main.o(.bss) for m_para
    pwmctrl.o(.text) refers to main.o(.data) for pm_od
    pwmctrl.o(.text) refers to pwmctrl.o(.data) for pTimTab
    pwmctrl.o(.text) refers to main.o(.bss) for m_para
    pwmctrl.o(.data) refers to stm32f10x_tim.o(.text) for TIM_SetCompare4
    mid_out.o(.text) refers to stm32f10x_gpio.o(.text) for GPIO_ResetBits
    mid_out.o(.text) refers to main.o(.bss) for m_para
    mid_out.o(.text) refers to main.o(.data) for pm_st
    mid_out.o(.text) refers to mid_out.o(.data) for TimMs_ledFlash
    bsp_init.o(.text) refers to stm32f10x_rcc.o(.text) for RCC_DeInit
    bsp_init.o(.text) refers to stm32f10x_flash.o(.text) for FLASH_SetLatency
    bsp_init.o(.text) refers to stm32f10x_gpio.o(.text) for GPIO_PinRemapConfig
    bsp_init.o(.text) refers to stm32f10x_tim.o(.text) for TIM_DeInit
    bsp_init.o(.text) refers to stm32f10x_usart.o(.text) for USART_Init
    bsp_init.o(.text) refers to misc.o(.text) for NVIC_SetVectorTable
    bsp_init.o(.text) refers to stm32f10x_dma.o(.text) for DMA_DeInit
    bsp_init.o(.text) refers to stm32f10x_adc.o(.text) for ADC_Cmd
    bsp_init.o(.text) refers to bsp_init.o(.bss) for ADDMA_InitStructure
    bsp_init.o(.text) refers to stm32f10x_iwdg.o(.text) for IWDG_WriteAccessCmd
    bsp_in.o(.text) refers to stm32f10x_gpio.o(.text) for GPIO_ReadInputDataBit
    bsp_in.o(.text) refers to bsp_in.o(.data) for sProSwitch
    bsp_in.o(.text) refers to main.o(.data) for pm_st
    bsp_in.o(.text) refers to bsp_in.o(.constdata) for gTab
    stm32f10x_it.o(.text) refers to stm32f10x_dma.o(.text) for DMA_GetITStatus
    stm32f10x_it.o(.text) refers to stm32f10x_adc.o(.text) for ADC_Cmd
    stm32f10x_it.o(.text) refers to stm32f10x_usart.o(.text) for USART_GetFlagStatus
    stm32f10x_it.o(.text) refers to stm32f10x_gpio.o(.text) for GPIO_SetBits
    stm32f10x_it.o(.text) refers to mid_ad.o(.data) for gAdOk
    stm32f10x_it.o(.text) refers to main.o(.data) for TimMs_uartErr
    stm32f10x_it.o(.text) refers to mid_out.o(.data) for TimMs_ledFlash
    stm32f10x_it.o(.text) refers to bsp_in.o(.data) for TimMs_switch
[...]
    stm32f10x_usart.o(.text) refers to stm32f10x_rcc.o(.text) for RCC_APB2PeriphResetCmd
    __main.o(!!!main) refers to __rtentry.o(.ARM.Collect$$rtentry$$00000000) for __rt_entry
    __rtentry.o(.ARM.Collect$$rtentry$$00000000) refers (Special) to __rtentry2.o(.ARM.Collect$$rtentry$$0000000A) for __rt_entry_li
    __rtentry.o(.ARM.Collect$$rtentry$$00000000) refers (Special) to __rtentry2.o(.ARM.Collect$$rtentry$$0000000D) for __rt_entry_main
    __rtentry.o(.ARM.Collect$$rtentry$$00000000) refers (Special) to __rtentry2.o(.ARM.Collect$$rtentry$$0000000C) for __rt_entry_postli_1
    __rtentry.o(.ARM.Collect$$rtentry$$00000000) refers (Special) to __rtentry2.o(.ARM.Collect$$rtentry$$00000009) for __rt_entry_postsh_1
    __rtentry.o(.ARM.Collect$$rtentry$$00000000) refers (Special) to __rtentry2.o(.ARM.Collect$$rtentry$$00000002) for __rt_entry_presh_1
    __rtentry.o(.ARM.Collect$$rtentry$$00000000) refers (Special) to __rtentry4.o(.ARM.Collect$$rtentry$$00000004) for __rt_entry_sh
    __rtentry2.o(.ARM.Collect$$rtentry$$00000008) refers to boardinit2.o(.text) for _platform_post_stackheap_init
    __rtentry2.o(.ARM.Collect$$rtentry$$0000000A) refers to libinit.o(.ARM.Collect$$libinit$$00000000) for __rt_lib_init
    __rtentry2.o(.ARM.Collect$$rtentry$$0000000B) refers to boardinit3.o(.text) for _platform_post_lib_init
    __rtentry2.o(.ARM.Collect$$rtentry$$0000000D) refers to main.o(.text) for main
    __rtentry2.o(.ARM.Collect$$rtentry$$0000000D) refers to exit.o(.text) for exit
    __rtentry2.o(.ARM.exidx) refers to __rtentry2.o(.ARM.Collect$$rtentry$$00000001) for .ARM.Collect$$rtentry$$00000001
    __rtentry2.o(.ARM.exidx) refers to __rtentry2.o(.ARM.Collect$$rtentry$$00000008) for .ARM.Collect$$rtentry$$00000008
    __rtentry2.o(.ARM.exidx) refers to __rtentry2.o(.ARM.Collect$$rtentry$$0000000A) for .ARM.Collect$$rtentry$$0000000A
    __rtentry2.o(.ARM.exidx) refers to __rtentry2.o(.ARM.Collect$$rtentry$$0000000B) for .ARM.Collect$$rtentry$$0000000B
    __rtentry2.o(.ARM.exidx) refers to __rtentry2.o(.ARM.Collect$$rtentry$$0000000D) for .ARM.Collect$$rtentry$$0000000D
    __rtentry4.o(.ARM.Collect$$rtentry$$00000004) refers to sys_stackheap_outer.o(.text) for __user_setup_stackheap
    __rtentry4.o(.ARM.exidx) refers to __rtentry4.o(.ARM.Collect$$rtentry$$00000004) for .ARM.Collect$$rtentry$$00000004
    sys_stackheap_outer.o(.text) refers to libspace.o(.text) for __user_perproc_libspace
    sys_stackheap_outer.o(.text) refers to startup_stm32f10x_md.o(.text) for __user_initial_stackheap
    exit.o(.text) refers to rtexit.o(.ARM.Collect$$rtexit$$00000000) for __rt_exit
    libinit.o(.ARM.Collect$$libinit$$00000000) refers (Special) to libinit2.o(.ARM.Collect$$libinit$$0000002E) for __rt_lib_init_alloca_1
    libinit.o(.ARM.Collect$$libinit$$00000000) refers (Special) to libinit2.o(.ARM.Collect$$libinit$$0000002C) for __rt_lib_init_argv_1
    libinit.o(.ARM.Collect$$libinit$$00000000) refers (Special) to libinit2.o(.ARM.Collect$$libinit$$0000001B) for __rt_lib_init_atexit_1
    libinit.o(.ARM.Collect$$libinit$$00000000) refers (Special) to libinit2.o(.ARM.Collect$$libinit$$00000021) for __rt_lib_init_clock_1
    libinit.o(.ARM.Collect$$libinit$$00000000) refers (Special) to libinit2.o(.ARM.Collect$$libinit$$00000032) for __rt_lib_init_cpp_1
    libinit.o(.ARM.Collect$$libinit$$00000000) refers (Special) to libinit2.o(.ARM.Collect$$libinit$$00000030) for __rt_lib_init_exceptions_1
    libinit.o(.ARM.Collect$$libinit$$00000000) refers (Special) to libinit2.o(.ARM.Collect$$libinit$$00000002) for __rt_lib_init_fp_1
    libinit.o(.ARM.Collect$$libinit$$00000000) refers (Special) to libinit2.o(.ARM.Collect$$libinit$$0000001F) for __rt_lib_init_fp_trap_1
    libinit.o(.ARM.Collect$$libinit$$00000000) refers (Special) to libinit2.o(.ARM.Collect$$libinit$$00000023) for __rt_lib_init_getenv_1
    libinit.o(.ARM.Collect$$libinit$$00000000) refers (Special) to libinit2.o(.ARM.Collect$$libinit$$0000000A) for __rt_lib_init_heap_1
    libinit.o(.ARM.Collect$$libinit$$00000000) refers (Special) to libinit2.o(.ARM.Collect$$libinit$$00000011) for __rt_lib_init_lc_collate_1
    libinit.o(.ARM.Collect$$libinit$$00000000) refers (Special) to libinit2.o(.ARM.Collect$$libinit$$00000013) for __rt_lib_init_lc_ctype_1
    libinit.o(.ARM.Collect$$libinit$$00000000) refers (Special) to libinit2.o(.ARM.Collect$$libinit$$00000015) for __rt_lib_init_lc_monetary_1
    libinit.o(.ARM.Collect$$libinit$$00000000) refers (Special) to libinit2.o(.ARM.Collect$$libinit$$00000017) for __rt_lib_init_lc_numeric_1
    libinit.o(.ARM.Collect$$libinit$$00000000) refers (Special) to libinit2.o(.ARM.Collect$$libinit$$00000019) for __rt_lib_init_lc_time_1
    libinit.o(.ARM.Collect$$libinit$$00000000) refers (Special) to libinit2.o(.ARM.Collect$$libinit$$00000004) for __rt_lib_init_preinit_1
    libinit.o(.ARM.Collect$$libinit$$00000000) refers (Special) to libinit2.o(.ARM.Collect$$libinit$$0000000E) for __rt_lib_init_rand_1
    libinit.o(.ARM.Collect$$libinit$$00000000) refers (Special) to libinit2.o(.ARM.Collect$$libinit$$00000033) for __rt_lib_init_return
    libinit.o(.ARM.Collect$$libinit$$00000000) refers (Special) to libinit2.o(.ARM.Collect$$libinit$$0000001D) for __rt_lib_init_signal_1
    libinit.o(.ARM.Collect$$libinit$$00000000) refers (Special) to libinit2.o(.ARM.Collect$$libinit$$00000025) for __rt_lib_init_stdio_1
    libinit.o(.ARM.Collect$$libinit$$00000000) refers (Special) to libinit2.o(.ARM.Collect$$libinit$$0000000C) for __rt_lib_init_user_alloc_1
    libspace.o(.text) refers to libspace.o(.bss) for __libspace_start
    rtexit.o(.ARM.Collect$$rtexit$$00000000) refers (Special) to rtexit2.o(.ARM.Collect$$rtexit$$00000004) for __rt_exit_exit
    rtexit.o(.ARM.Collect$$rtexit$$00000000) refers (Special) to rtexit2.o(.ARM.Collect$$rtexit$$00000003) for __rt_exit_ls
    rtexit.o(.ARM.Collect$$rtexit$$00000000) refers (Special) to rtexit2.o(.ARM.Collect$$rtexit$$00000002) for __rt_exit_prels_1
    rtexit.o(.ARM.exidx) refers (Special) to rtexit2.o(.ARM.Collect$$rtexit$$00000004) for __rt_exit_exit
    rtexit.o(.ARM.exidx) refers (Special) to rtexit2.o(.ARM.Collect$$rtexit$$00000003) for __rt_exit_ls
    rtexit.o(.ARM.exidx) refers (Special) to rtexit2.o(.ARM.Collect$$rtexit$$00000002) for __rt_exit_prels_1
    rtexit.o(.ARM.exidx) refers to rtexit.o(.ARM.Collect$$rtexit$$00000000) for .ARM.Collect$$rtexit$$00000000
    libinit2.o(.ARM.Collect$$libinit$$00000010) refers to libinit2.o(.ARM.Collect$$libinit$$0000000F) for .ARM.Collect$$libinit$$0000000F
    libinit2.o(.ARM.Collect$$libinit$$00000012) refers to libinit2.o(.ARM.Collect$$libinit$$0000000F) for .ARM.Collect$$libinit$$0000000F
    libinit2.o(.ARM.Collect$$libinit$$00000014) refers to libinit2.o(.ARM.Collect$$libinit$$0000000F) for .ARM.Collect$$libinit$$0000000F
    libinit2.o(.ARM.Collect$$libinit$$00000016) refers to libinit2.o(.ARM.Collect$$libinit$$0000000F) for .ARM.Collect$$libinit$$0000000F
    libinit2.o(.ARM.Collect$$libinit$$00000018) refers to libinit2.o(.ARM.Collect$$libinit$$0000000F) for .ARM.Collect$$libinit$$0000000F
    libinit2.o(.ARM.Collect$$libinit$$00000026) refers to argv_veneer.o(.emb_text) for __ARM_argv_veneer
    libinit2.o(.ARM.Collect$$libinit$$00000027) refers to argv_veneer.o(.emb_text) for __ARM_argv_veneer
    rtexit2.o(.ARM.Collect$$rtexit$$00000003) refers to libshutdown.o(.ARM.Collect$$libshutdown$$00000000) for __rt_lib_shutdown
    rtexit2.o(.ARM.Collect$$rtexit$$00000004) refers to sys_exit.o(.text) for _sys_exit
    rtexit2.o(.ARM.exidx) refers to rtexit2.o(.ARM.Collect$$rtexit$$00000001) for .ARM.Collect$$rtexit$$00000001
    rtexit2.o(.ARM.exidx) refers to rtexit2.o(.ARM.Collect$$rtexit$$00000003) for .ARM.Collect$$rtexit$$00000003
    rtexit2.o(.ARM.exidx) refers to rtexit2.o(.ARM.Collect$$rtexit$$00000004) for .ARM.Collect$$rtexit$$00000004
    argv_veneer.o(.emb_text) refers to no_argv.o(.text) for __ARM_get_argv
    sys_exit.o(.text) refers (Special) to use_no_semi.o(.text) for __I$use$semihosting
    sys_exit.o(.text) refers (Special) to indicate_semi.o(.text) for __semihosting_library_function
    _get_argv_nomalloc.o(.text) refers (Special) to hrguard.o(.text) for __heap_region$guard
    _get_argv_nomalloc.o(.text) refers to defsig_rtmem_outer.o(.text) for __rt_SIGRTMEM
    _get_argv_nomalloc.o(.text) refers to sys_command.o(.text) for _sys_command_string
    libshutdown.o(.ARM.Collect$$libshutdown$$00000000) refers (Special) to libshutdown2.o(.ARM.Collect$$libshutdown$$00000002) for __rt_lib_shutdown_cpp_1
    libshutdown.o(.ARM.Collect$$libshutdown$$00000000) refers (Special) to libshutdown2.o(.ARM.Collect$$libshutdown$$00000007) for __rt_lib_shutdown_fp_trap_1
    libshutdown.o(.ARM.Collect$$libshutdown$$00000000) refers (Special) to libshutdown2.o(.ARM.Collect$$libshutdown$$0000000F) for __rt_lib_shutdown_heap_1
    libshutdown.o(.ARM.Collect$$libshutdown$$00000000) refers (Special) to libshutdown2.o(.ARM.Collect$$libshutdown$$00000010) for __rt_lib_shutdown_return
    libshutdown.o(.ARM.Collect$$libshutdown$$00000000) refers (Special) to libshutdown2.o(.ARM.Collect$$libshutdown$$0000000A) for __rt_lib_shutdown_signal_1
    libshutdown.o(.ARM.Collect$$libshutdown$$00000000) refers (Special) to libshutdown2.o(.ARM.Collect$$libshutdown$$00000004) for __rt_lib_shutdown_stdio_1
    libshutdown.o(.ARM.Collect$$libshutdown$$00000000) refers (Special) to libshutdown2.o(.ARM.Collect$$libshutdown$$0000000C) for __rt_lib_shutdown_user_alloc_1
    sys_command.o(.text) refers (Special) to use_no_semi.o(.text) for __I$use$semihosting
    sys_command.o(.text) refers (Special) to indicate_semi.o(.text) for __semihosting_library_function
    defsig_rtmem_outer.o(.text) refers to defsig_rtmem_inner.o(.text) for __rt_SIGRTMEM_inner
    defsig_rtmem_outer.o(.text) refers to defsig_exit.o(.text) for __sig_exit
    defsig_rtmem_formal.o(.text) refers to rt_raise.o(.text) for __rt_raise
    rt_raise.o(.text) refers to __raise.o(.text) for __raise
    rt_raise.o(.text) refers to sys_exit.o(.text) for _sys_exit
    defsig_exit.o(.text) refers to sys_exit.o(.text) for _sys_exit
    defsig_rtmem_inner.o(.text) refers to defsig_general.o(.text) for __default_signal_display
    __raise.o(.text) refers to defsig.o(CL$$defsig) for __default_signal_handler
    defsig_general.o(.text) refers to sys_wrch.o(.text) for _ttywrch
    sys_wrch.o(.text) refers (Special) to use_no_semi.o(.text) for __I$use$semihosting
    sys_wrch.o(.text) refers (Special) to indicate_semi.o(.text) for __semihosting_library_function
    defsig.o(CL$$defsig) refers to defsig_rtmem_inner.o(.text) for __rt_SIGRTMEM_inner
    defsig_abrt_inner.o(.text) refers to defsig_general.o(.text) for __default_signal_display
    defsig_fpe_inner.o(.text) refers to defsig_general.o(.text) for __default_signal_display
    defsig_rtred_inner.o(.text) refers to defsig_general.o(.text) for __default_signal_display
    defsig_stak_inner.o(.text) refers to defsig_general.o(.text) for __default_signal_display
    defsig_pvfn_inner.o(.text) refers to defsig_general.o(.text) for __default_signal_display
    defsig_cppl_inner.o(.text) refers to defsig_general.o(.text) for __default_signal_display
    defsig_segv_inner.o(.text) refers to defsig_general.o(.text) for __default_signal_display
    defsig_other.o(.text) refers to defsig_general.o(.text) for __default_signal_display


==============================================================================

Removing Unused input sections from the image.

    Removing core_cm3.o(.emb_text), (32 bytes).

1 unused section(s) (total 32 bytes) removed from the image.

==============================================================================

Image Symbol Table

    Local Symbols

    Symbol Name                              Value     Ov Type        Size  Object(Section)

    ../clib/angel/boardlib.s                 0x00000000   Number         0  boardinit1.o ABSOLUTE
    ../clib/angel/boardlib.s                 0x00000000   Number         0  boardshut.o ABSOLUTE
    ../clib/angel/boardlib.s                 0x00000000   Number         0  boardinit2.o ABSOLUTE
    ../clib/angel/boardlib.s                 0x00000000   Number         0  boardinit3.o ABSOLUTE
    ../clib/angel/handlers.s                 0x00000000   Number         0  __scatter_copy.o ABSOLUTE
    ../clib/angel/handlers.s                 0x00000000   Number         0  __scatter_zi.o ABSOLUTE
    ../clib/angel/kernel.s                   0x00000000   Number         0  __rtentry4.o ABSOLUTE
    ../clib/angel/kernel.s                   0x00000000   Number         0  rtexit.o ABSOLUTE
    ../clib/angel/kernel.s                   0x00000000   Number         0  rtexit2.o ABSOLUTE
    ../clib/angel/kernel.s                   0x00000000   Number         0  __rtentry.o ABSOLUTE
    ../clib/angel/kernel.s                   0x00000000   Number         0  __rtentry2.o ABSOLUTE
    ../clib/angel/rt.s                       0x00000000   Number         0  rt_raise.o ABSOLUTE
    ../clib/angel/scatter.s                  0x00000000   Number         0  __scatter.o ABSOLUTE
    ../clib/angel/startup.s                  0x00000000   Number         0  __main.o ABSOLUTE
    ../clib/angel/sys.s                      0x00000000   Number         0  indicate_semi.o ABSOLUTE
    ../clib/angel/sys.s                      0x00000000   Number         0  sys_stackheap_outer.o ABSOLUTE
    ../clib/angel/sys.s                      0x00000000   Number         0  use_no_semi.o ABSOLUTE
    ../clib/angel/sys.s                      0x00000000   Number         0  libspace.o ABSOLUTE
    ../clib/angel/sysapp.c                   0x00000000   Number         0  sys_exit.o ABSOLUTE
    ../clib/angel/sysapp.c                   0x00000000   Number         0  sys_command.o ABSOLUTE
    ../clib/angel/sysapp.c                   0x00000000   Number         0  sys_wrch.o ABSOLUTE
    ../clib/armsys.c                         0x00000000   Number         0  argv_veneer.o ABSOLUTE
    ../clib/armsys.c                         0x00000000   Number         0  no_argv.o ABSOLUTE
    ../clib/armsys.c                         0x00000000   Number         0  _get_argv_nomalloc.o ABSOLUTE
    ../clib/armsys.c                         0x00000000   Number         0  argv_veneer.o ABSOLUTE
    ../clib/heapalloc.c                      0x00000000   Number         0  hrguard.o ABSOLUTE
    ../clib/heapaux.c                        0x00000000   Number         0  heapauxi.o ABSOLUTE
    ../clib/libinit.s                        0x00000000   Number         0  libinit.o ABSOLUTE
    ../clib/libinit.s                        0x00000000   Number         0  libshutdown.o ABSOLUTE
    ../clib/libinit.s                        0x00000000   Number         0  libinit2.o ABSOLUTE
    ../clib/libinit.s                        0x00000000   Number         0  libshutdown2.o ABSOLUTE
    ../clib/signal.c                         0x00000000   Number         0  defsig_pvfn_inner.o ABSOLUTE
    ../clib/signal.c                         0x00000000   Number         0  defsig_general.o ABSOLUTE
    ../clib/signal.c                         0x00000000   Number         0  defsig_fpe_inner.o ABSOLUTE
    ../clib/signal.c                         0x00000000   Number         0  defsig_rtmem_outer.o ABSOLUTE
    ../clib/signal.c                         0x00000000   Number         0  defsig_segv_inner.o ABSOLUTE
    ../clib/signal.c                         0x00000000   Number         0  defsig_cppl_inner.o ABSOLUTE
    ../clib/signal.c                         0x00000000   Number         0  defsig_stak_inner.o ABSOLUTE
    ../clib/signal.c                         0x00000000   Number         0  defsig_rtred_inner.o ABSOLUTE
    ../clib/signal.c                         0x00000000   Number         0  defsig_abrt_inner.o ABSOLUTE
    ../clib/signal.c                         0x00000000   Number         0  __raise.o ABSOLUTE
    ../clib/signal.c                         0x00000000   Number         0  defsig_rtmem_inner.o ABSOLUTE
    ../clib/signal.c                         0x00000000   Number         0  defsig_exit.o ABSOLUTE
    ../clib/signal.c                         0x00000000   Number         0  defsig_other.o ABSOLUTE
    ../clib/signal.c                         0x00000000   Number         0  defsig_rtmem_formal.o ABSOLUTE
    ../clib/signal.s                         0x00000000   Number         0  defsig.o ABSOLUTE
    ../clib/stdlib.c                         0x00000000   Number         0  exit.o ABSOLUTE
    ../fplib/fpinit.s                        0x00000000   Number         0  fpinit.o ABSOLUTE
    ..\\core\\core_cm3.c                     0x00000000   Number         0  core_cm3.o ABSOLUTE
    ..\core\core_cm3.c                       0x00000000   Number         0  core_cm3.o ABSOLUTE
    ..\core\startup_stm32f10x_md.s           0x00000000   Number         0  startup_stm32f10x_md.o ABSOLUTE
    ..\core\system_stm32f10x.c               0x00000000   Number         0  system_stm32f10x.o ABSOLUTE
    ..\lib\src\misc.c                        0x00000000   Number         0  misc.o ABSOLUTE
    ..\lib\src\stm32f10x_adc.c               0x00000000   Number         0  stm32f10x_adc.o ABSOLUTE
    ..\lib\src\stm32f10x_dma.c               0x00000000   Number         0  stm32f10x_dma.o ABSOLUTE
    ..\lib\src\stm32f10x_flash.c             0x00000000   Number         0  stm32f10x_flash.o ABSOLUTE
    ..\lib\src\stm32f10x_gpio.c              0x00000000   Number         0  stm32f10x_gpio.o ABSOLUTE
    ..\lib\src\stm32f10x_iwdg.c              0x00000000   Number         0  stm32f10x_iwdg.o ABSOLUTE
    ..\lib\src\stm32f10x_rcc.c               0x00000000   Number         0  stm32f10x_rcc.o ABSOLUTE
    ..\lib\src\stm32f10x_tim.c               0x00000000   Number         0  stm32f10x_tim.o ABSOLUTE
    ..\lib\src\stm32f10x_usart.c             0x00000000   Number         0  stm32f10x_usart.o ABSOLUTE
    ..\program\app\main.c                    0x00000000   Number         0  main.o ABSOLUTE
    ..\program\bsp\bsp_in.c                  0x00000000   Number         0  bsp_in.o ABSOLUTE
    ..\program\bsp\bsp_init.c                0x00000000   Number         0  bsp_init.o ABSOLUTE
    ..\program\intr\stm32f10x_it.c           0x00000000   Number         0  stm32f10x_it.o ABSOLUTE
    ..\program\mid\PWMCtrl.c                 0x00000000   Number         0  pwmctrl.o ABSOLUTE
    ..\program\mid\UartCtrl.c                0x00000000   Number         0  uartctrl.o ABSOLUTE
    ..\program\mid\mid_ad.c                  0x00000000   Number         0  mid_ad.o ABSOLUTE
    ..\program\mid\mid_flash.c               0x00000000   Number         0  mid_flash.o ABSOLUTE
    ..\program\mid\mid_out.c                 0x00000000   Number         0  mid_out.o ABSOLUTE
    dc.s                                     0x00000000   Number         0  dc.o ABSOLUTE
    RESET                                    0x08000000   Section      236  startup_stm32f10x_md.o(RESET)
    !!!main                                  0x080000ec   Section        8  __main.o(!!!main)
    !!!scatter                               0x080000f4   Section       52  __scatter.o(!!!scatter)
    !!handler_copy                           0x08000128   Section       26  __scatter_copy.o(!!handler_copy)
    !!handler_zi                             0x08000144   Section       28  __scatter_zi.o(!!handler_zi)
    .ARM.Collect$$libinit$$00000000          0x08000160   Section        2  libinit.o(.ARM.Collect$$libinit$$00000000)
    .ARM.Collect$$libinit$$00000002          0x08000162   Section        0  libinit2.o(.ARM.Collect$$libinit$$00000002)
    .ARM.Collect$$libinit$$00000004          0x08000162   Section        0  libinit2.o(.ARM.Collect$$libinit$$00000004)
    .ARM.Collect$$libinit$$0000000A          0x08000162   Section        0  libinit2.o(.ARM.Collect$$libinit$$0000000A)
    .ARM.Collect$$libinit$$0000000C          0x08000162   Section        0  libinit2.o(.ARM.Collect$$libinit$$0000000C)
    .ARM.Collect$$libinit$$0000000E          0x08000162   Section        0  libinit2.o(.ARM.Collect$$libinit$$0000000E)
    .ARM.Collect$$libinit$$00000011          0x08000162   Section        0  libinit2.o(.ARM.Collect$$libinit$$00000011)
    .ARM.Collect$$libinit$$00000013          0x08000162   Section        0  libinit2.o(.ARM.Collect$$libinit$$00000013)
    .ARM.Collect$$libinit$$00000015          0x08000162   Section        0  libinit2.o(.ARM.Collect$$libinit$$00000015)
    .ARM.Collect$$libinit$$00000017          0x08000162   Section        0  libinit2.o(.ARM.Collect$$libinit$$00000017)
    .ARM.Collect$$libinit$$00000019          0x08000162   Section        0  libinit2.o(.ARM.Collect$$libinit$$00000019)
    .ARM.Collect$$libinit$$0000001B          0x08000162   Section        0  libinit2.o(.ARM.Collect$$libinit$$0000001B)
    .ARM.Collect$$libinit$$0000001D          0x08000162   Section        0  libinit2.o(.ARM.Collect$$libinit$$0000001D)
    .ARM.Collect$$libinit$$0000001F          0x08000162   Section        0  libinit2.o(.ARM.Collect$$libinit$$0000001F)
    .ARM.Collect$$libinit$$00000021          0x08000162   Section        0  libinit2.o(.ARM.Collect$$libinit$$00000021)
    .ARM.Collect$$libinit$$00000023          0x08000162   Section        0  libinit2.o(.ARM.Collect$$libinit$$00000023)
    .ARM.Collect$$libinit$$00000025          0x08000162   Section        0  libinit2.o(.ARM.Collect$$libinit$$00000025)
    .ARM.Collect$$libinit$$0000002C          0x08000162   Section        0  libinit2.o(.ARM.Collect$$libinit$$0000002C)
    .ARM.Collect$$libinit$$0000002E          0x08000162   Section        0  libinit2.o(.ARM.Collect$$libinit$$0000002E)
    .ARM.Collect$$libinit$$00000030          0x08000162   Section        0  libinit2.o(.ARM.Collect$$libinit$$00000030)
    .ARM.Collect$$libinit$$00000032          0x08000162   Section        0  libinit2.o(.ARM.Collect$$libinit$$00000032)
    .ARM.Collect$$libinit$$00000033          0x08000162   Section        2  libinit2.o(.ARM.Collect$$libinit$$00000033)
    .ARM.Collect$$libshutdown$$00000000      0x08000164   Section        2  libshutdown.o(.ARM.Collect$$libshutdown$$00000000)
    .ARM.Collect$$libshutdown$$00000002      0x08000166   Section        0  libshutdown2.o(.ARM.Collect$$libshutdown$$00000002)
    .ARM.Collect$$libshutdown$$00000004      0x08000166   Section        0  libshutdown2.o(.ARM.Collect$$libshutdown$$00000004)
    .ARM.Collect$$libshutdown$$00000007      0x08000166   Section        0  libshutdown2.o(.ARM.Collect$$libshutdown$$00000007)
    .ARM.Collect$$libshutdown$$0000000A      0x08000166   Section        0  libshutdown2.o(.ARM.Collect$$libshutdown$$0000000A)
    .ARM.Collect$$libshutdown$$0000000C      0x08000166   Section        0  libshutdown2.o(.ARM.Collect$$libshutdown$$0000000C)
    .ARM.Collect$$libshutdown$$0000000F      0x08000166   Section        0  libshutdown2.o(.ARM.Collect$$libshutdown$$0000000F)
    .ARM.Collect$$libshutdown$$00000010      0x08000166   Section        2  libshutdown2.o(.ARM.Collect$$libshutdown$$00000010)
    .ARM.Collect$$rtentry$$00000000          0x08000168   Section        0  __rtentry.o(.ARM.Collect$$rtentry$$00000000)
    .ARM.Collect$$rtentry$$00000002          0x08000168   Section        0  __rtentry2.o(.ARM.Collect$$rtentry$$00000002)
    .ARM.Collect$$rtentry$$00000004          0x08000168   Section        6  __rtentry4.o(.ARM.Collect$$rtentry$$00000004)
    .ARM.Collect$$rtentry$$00000009          0x0800016e   Section        0  __rtentry2.o(.ARM.Collect$$rtentry$$00000009)
    .ARM.Collect$$rtentry$$0000000A          0x0800016e   Section        4  __rtentry2.o(.ARM.Collect$$rtentry$$0000000A)
    .ARM.Collect$$rtentry$$0000000C          0x08000172   Section        0  __rtentry2.o(.ARM.Collect$$rtentry$$0000000C)
    .ARM.Collect$$rtentry$$0000000D          0x08000172   Section        8  __rtentry2.o(.ARM.Collect$$rtentry$$0000000D)
    .ARM.Collect$$rtexit$$00000000           0x0800017a   Section        2  rtexit.o(.ARM.Collect$$rtexit$$00000000)
    .ARM.Collect$$rtexit$$00000002           0x0800017c   Section        0  rtexit2.o(.ARM.Collect$$rtexit$$00000002)
    .ARM.Collect$$rtexit$$00000003           0x0800017c   Section        4  rtexit2.o(.ARM.Collect$$rtexit$$00000003)
    .ARM.Collect$$rtexit$$00000004           0x08000180   Section        6  rtexit2.o(.ARM.Collect$$rtexit$$00000004)
    .text                                    0x08000188   Section       64  startup_stm32f10x_md.o(.text)
    .text                                    0x080001c8   Section        0  system_stm32f10x.o(.text)
    SetSysClockTo72                          0x080001c9   Thumb Code   214  system_stm32f10x.o(.text)
    SetSysClock                              0x0800029f   Thumb Code     8  system_stm32f10x.o(.text)
    .text                                    0x080003a8   Section        0  main.o(.text)
    .text                                    0x0800057c   Section        0  mid_ad.o(.text)
    CalcTEnv                                 0x0800057d   Thumb Code    94  mid_ad.o(.text)
    AdFilt                                   0x080005db   Thumb Code    78  mid_ad.o(.text)
    .text                                    0x08000670   Section        0  uartctrl.o(.text)
    Delay_Ms                                 0x08000671   Thumb Code    28  uartctrl.o(.text)
    SendByte                                 0x080006ad   Thumb Code    44  uartctrl.o(.text)
    SendData                                 0x080006d9   Thumb Code    94  uartctrl.o(.text)
    CrcCheck                                 0x08000737   Thumb Code    82  uartctrl.o(.text)
    UartErr                                  0x08000789   Thumb Code    56  uartctrl.o(.text)
    AddDetectData                            0x08000841   Thumb Code    16  uartctrl.o(.text)
    .text                                    0x080009f4   Section        0  mid_flash.o(.text)
    .text                                    0x08000ab4   Section        0  pwmctrl.o(.text)
    .text                                    0x08000b58   Section        0  mid_out.o(.text)
    .text                                    0x08000c1c   Section        0  bsp_init.o(.text)
    GPIO_InOut_Config                        0x08000ca5   Thumb Code    96  bsp_init.o(.text)
    GPIO_AD_Config                           0x08000d05   Thumb Code    30  bsp_init.o(.text)
    GPIO_UART1_Config                        0x08000d23   Thumb Code    82  bsp_init.o(.text)
    GPIO_PWM_Config                          0x08000d75   Thumb Code    52  bsp_init.o(.text)
    .text                                    0x08001180   Section        0  bsp_in.o(.text)
    .text                                    0x08001500   Section        0  stm32f10x_it.o(.text)
    .text                                    0x08001750   Section        0  misc.o(.text)
    .text                                    0x0800182c   Section        0  stm32f10x_adc.o(.text)
    .text                                    0x08001c7c   Section        0  stm32f10x_dma.o(.text)
    .text                                    0x08001ed0   Section        0  stm32f10x_flash.o(.text)
    .text                                    0x0800248c   Section        0  stm32f10x_gpio.o(.text)
    .text                                    0x080027e8   Section        0  stm32f10x_iwdg.o(.text)
    .text                                    0x08002828   Section        0  stm32f10x_rcc.o(.text)
    .text                                    0x08002bcc   Section        0  stm32f10x_tim.o(.text)
    TI4_Config                               0x08003073   Thumb Code   130  stm32f10x_tim.o(.text)
    TI3_Config                               0x08003107   Thumb Code   122  stm32f10x_tim.o(.text)
    TI2_Config                               0x0800319b   Thumb Code   130  stm32f10x_tim.o(.text)
    TI1_Config                               0x0800322f   Thumb Code   108  stm32f10x_tim.o(.text)
    .text                                    0x080039e8   Section        0  stm32f10x_usart.o(.text)
    .text                                    0x08003df0   Section        0  heapauxi.o(.text)
    .text                                    0x08003df6   Section       74  sys_stackheap_outer.o(.text)
    .text                                    0x08003e40   Section        0  exit.o(.text)
    .text                                    0x08003e54   Section        8  libspace.o(.text)
    .text                                    0x08003e5c   Section        0  sys_exit.o(.text)
    .text                                    0x08003e68   Section        2  use_no_semi.o(.text)
    .constdata                               0x08003e6a   Section       48  main.o(.constdata)
    .text                                    0x08003e6a   Section        0  indicate_semi.o(.text)
    .constdata                               0x08003e9a   Section       44  mid_ad.o(.constdata)
    .constdata                               0x08003ec8   Section        4  mid_flash.o(.constdata)
    spPara                                   0x08003ec8   Data           4  mid_flash.o(.constdata)
    .constdata                               0x08003ecc   Section       24  bsp_in.o(.constdata)
    gTab                                     0x08003ecc   Data          24  bsp_in.o(.constdata)
    .data                                    0x20000000   Section       20  system_stm32f10x.o(.data)
    .data                                    0x20000014   Section       12  main.o(.data)
    .data                                    0x20000020   Section        1  mid_ad.o(.data)
    .data                                    0x20000021   Section        5  uartctrl.o(.data)
    .data                                    0x20000028   Section      102  pwmctrl.o(.data)
    sPwmDuty                                 0x2000008c   Data           2  pwmctrl.o(.data)
    .data                                    0x2000008e   Section        2  mid_out.o(.data)
    .data                                    0x20000090   Section       24  bsp_in.o(.data)
    sProSwitch                               0x20000090   Data           1  bsp_in.o(.data)
    sProOpen1                                0x20000091   Data           1  bsp_in.o(.data)
    sProOpen2                                0x20000092   Data           1  bsp_in.o(.data)
    sProOpen3                                0x20000093   Data           1  bsp_in.o(.data)
    sProOpen4                                0x20000094   Data           1  bsp_in.o(.data)
    sStep                                    0x20000095   Data           1  bsp_in.o(.data)
    sCH                                      0x20000096   Data           1  bsp_in.o(.data)
    sTabSt                                   0x20000097   Data           1  bsp_in.o(.data)
    .data                                    0x200000a8   Section        2  stm32f10x_it.o(.data)
    TimMs_Base                               0x200000a8   Data           2  stm32f10x_it.o(.data)
    .data                                    0x200000aa   Section       20  stm32f10x_rcc.o(.data)
    APBAHBPrescTable                         0x200000aa   Data          16  stm32f10x_rcc.o(.data)
    ADCPrescTable                            0x200000ba   Data           4  stm32f10x_rcc.o(.data)
    .bss                                     0x200000c0   Section       24  main.o(.bss)
    .bss                                     0x200000d8   Section       80  mid_ad.o(.bss)
    .bss                                     0x20000128   Section       64  uartctrl.o(.bss)
    SendBuff                                 0x20000148   Data          32  uartctrl.o(.bss)
    .bss                                     0x20000168   Section       44  bsp_init.o(.bss)
    ADDMA_InitStructure                      0x20000168   Data          44  bsp_init.o(.bss)
    .bss                                     0x20000194   Section       96  libspace.o(.bss)
    HEAP                                     0x200001f8   Section      512  startup_stm32f10x_md.o(HEAP)
    Heap_Mem                                 0x200001f8   Data         512  startup_stm32f10x_md.o(HEAP)
    STACK                                    0x200003f8   Section     1024  startup_stm32f10x_md.o(STACK)
    Stack_Mem                                0x200003f8   Data        1024  startup_stm32f10x_md.o(STACK)
    __initial_sp                             0x200007f8   Data           0  startup_stm32f10x_md.o(STACK)

    Global Symbols

    Symbol Name                              Value     Ov Type        Size  Object(Section)

    BuildAttributes$$THM_ISAv4$P$D$K$B$S$PE$A:L22UL41UL21$X:L11$S22US41US21$IEEE1$IW$USESV6$~STKCKD$USESV7$~SHL$OSPACE$ROPI$EBA8$UX$STANDARDLIB$REQ8$PRES8$EABIv2 0x00000000   Number         0  anon$$obj.o ABSOLUTE
    __ARM_use_no_argv                        0x00000000   Number         0  main.o ABSOLUTE
    __ARM_exceptions_init                     - Undefined Weak Reference
    __alloca_initialize                       - Undefined Weak Reference
    __arm_preinit_                            - Undefined Weak Reference
    __cpp_initialize__aeabi_                  - Undefined Weak Reference
    __cxa_finalize                            - Undefined Weak Reference
    __rt_locale                               - Undefined Weak Reference
    __sigvec_lookup                           - Undefined Weak Reference
    _atexit_init                              - Undefined Weak Reference
    _call_atexit_fns                          - Undefined Weak Reference
    _clock_init                               - Undefined Weak Reference
    _fp_trap_init                             - Undefined Weak Reference
    _fp_trap_shutdown                         - Undefined Weak Reference
    _get_lc_collate                           - Undefined Weak Reference
    _get_lc_ctype                             - Undefined Weak Reference
    _get_lc_monetary                          - Undefined Weak Reference
    _get_lc_numeric                           - Undefined Weak Reference
    _get_lc_time                              - Undefined Weak Reference
    _getenv_init                              - Undefined Weak Reference
    _handle_redirection                       - Undefined Weak Reference
    _init_alloc                               - Undefined Weak Reference
    _init_user_alloc                          - Undefined Weak Reference
    _initio                                   - Undefined Weak Reference
    _rand_init                                - Undefined Weak Reference
    _signal_finish                            - Undefined Weak Reference
    _signal_init                              - Undefined Weak Reference
    _terminate_alloc                          - Undefined Weak Reference
    _terminate_user_alloc                     - Undefined Weak Reference
    _terminateio                              - Undefined Weak Reference
    __Vectors_Size                           0x000000ec   Number         0  startup_stm32f10x_md.o ABSOLUTE
    __Vectors                                0x08000000   Data           4  startup_stm32f10x_md.o(RESET)
    __Vectors_End                            0x080000ec   Data           0  startup_stm32f10x_md.o(RESET)
    __main                                   0x080000ed   Thumb Code     8  __main.o(!!!main)
    __scatterload                            0x080000f5   Thumb Code     0  __scatter.o(!!!scatter)
    __scatterload_rt2                        0x080000f5   Thumb Code    44  __scatter.o(!!!scatter)
    __scatterload_rt2_thumb_only             0x080000f5   Thumb Code     0  __scatter.o(!!!scatter)
    __scatterload_null                       0x08000103   Thumb Code     0  __scatter.o(!!!scatter)
    __scatterload_copy                       0x08000129   Thumb Code    26  __scatter_copy.o(!!handler_copy)
    __scatterload_zeroinit                   0x08000145   Thumb Code    28  __scatter_zi.o(!!handler_zi)
    __rt_lib_init                            0x08000161   Thumb Code     0  libinit.o(.ARM.Collect$$libinit$$00000000)
    __rt_lib_init_alloca_1                   0x08000163   Thumb Code     0  libinit2.o(.ARM.Collect$$libinit$$0000002E)
    __rt_lib_init_argv_1                     0x08000163   Thumb Code     0  libinit2.o(.ARM.Collect$$libinit$$0000002C)
    __rt_lib_init_atexit_1                   0x08000163   Thumb Code     0  libinit2.o(.ARM.Collect$$libinit$$0000001B)
    __rt_lib_init_clock_1                    0x08000163   Thumb Code     0  libinit2.o(.ARM.Collect$$libinit$$00000021)
    __rt_lib_init_cpp_1                      0x08000163   Thumb Code     0  libinit2.o(.ARM.Collect$$libinit$$00000032)
    __rt_lib_init_exceptions_1               0x08000163   Thumb Code     0  libinit2.o(.ARM.Collect$$libinit$$00000030)
    __rt_lib_init_fp_1                       0x08000163   Thumb Code     0  libinit2.o(.ARM.Collect$$libinit$$00000002)
    __rt_lib_init_fp_trap_1                  0x08000163   Thumb Code     0  libinit2.o(.ARM.Collect$$libinit$$0000001F)
    __rt_lib_init_getenv_1                   0x08000163   Thumb Code     0  libinit2.o(.ARM.Collect$$libinit$$00000023)
    __rt_lib_init_heap_1                     0x08000163   Thumb Code     0  libinit2.o(.ARM.Collect$$libinit$$0000000A)
    __rt_lib_init_lc_collate_1               0x08000163   Thumb Code     0  libinit2.o(.ARM.Collect$$libinit$$00000011)
    __rt_lib_init_lc_ctype_1                 0x08000163   Thumb Code     0  libinit2.o(.ARM.Collect$$libinit$$00000013)
    __rt_lib_init_lc_monetary_1              0x08000163   Thumb Code     0  libinit2.o(.ARM.Collect$$libinit$$00000015)
    __rt_lib_init_lc_numeric_1               0x08000163   Thumb Code     0  libinit2.o(.ARM.Collect$$libinit$$00000017)
    __rt_lib_init_lc_time_1                  0x08000163   Thumb Code     0  libinit2.o(.ARM.Collect$$libinit$$00000019)
    __rt_lib_init_preinit_1                  0x08000163   Thumb Code     0  libinit2.o(.ARM.Collect$$libinit$$00000004)
    __rt_lib_init_rand_1                     0x08000163   Thumb Code     0  libinit2.o(.ARM.Collect$$libinit$$0000000E)
    __rt_lib_init_return                     0x08000163   Thumb Code     0  libinit2.o(.ARM.Collect$$libinit$$00000033)
    __rt_lib_init_signal_1                   0x08000163   Thumb Code     0  libinit2.o(.ARM.Collect$$libinit$$0000001D)
    __rt_lib_init_stdio_1                    0x08000163   Thumb Code     0  libinit2.o(.ARM.Collect$$libinit$$00000025)
    __rt_lib_init_user_alloc_1               0x08000163   Thumb Code     0  libinit2.o(.ARM.Collect$$libinit$$0000000C)
    __rt_lib_shutdown                        0x08000165   Thumb Code     0  libshutdown.o(.ARM.Collect$$libshutdown$$00000000)
    __rt_lib_shutdown_cpp_1                  0x08000167   Thumb Code     0  libshutdown2.o(.ARM.Collect$$libshutdown$$00000002)
    __rt_lib_shutdown_fp_trap_1              0x08000167   Thumb Code     0  libshutdown2.o(.ARM.Collect$$libshutdown$$00000007)
    __rt_lib_shutdown_heap_1                 0x08000167   Thumb Code     0  libshutdown2.o(.ARM.Collect$$libshutdown$$0000000F)
    __rt_lib_shutdown_return                 0x08000167   Thumb Code     0  libshutdown2.o(.ARM.Collect$$libshutdown$$00000010)
    __rt_lib_shutdown_signal_1               0x08000167   Thumb Code     0  libshutdown2.o(.ARM.Collect$$libshutdown$$0000000A)
    __rt_lib_shutdown_stdio_1                0x08000167   Thumb Code     0  libshutdown2.o(.ARM.Collect$$libshutdown$$00000004)
    __rt_lib_shutdown_user_alloc_1           0x08000167   Thumb Code     0  libshutdown2.o(.ARM.Collect$$libshutdown$$0000000C)
    __rt_entry                               0x08000169   Thumb Code     0  __rtentry.o(.ARM.Collect$$rtentry$$00000000)
    __rt_entry_presh_1                       0x08000169   Thumb Code     0  __rtentry2.o(.ARM.Collect$$rtentry$$00000002)
    __rt_entry_sh                            0x08000169   Thumb Code     0  __rtentry4.o(.ARM.Collect$$rtentry$$00000004)
    __rt_entry_li                            0x0800016f   Thumb Code     0  __rtentry2.o(.ARM.Collect$$rtentry$$0000000A)
    __rt_entry_postsh_1                      0x0800016f   Thumb Code     0  __rtentry2.o(.ARM.Collect$$rtentry$$00000009)
    __rt_entry_main                          0x08000173   Thumb Code     0  __rtentry2.o(.ARM.Collect$$rtentry$$0000000D)
    __rt_entry_postli_1                      0x08000173   Thumb Code     0  __rtentry2.o(.ARM.Collect$$rtentry$$0000000C)
    __rt_exit                                0x0800017b   Thumb Code     0  rtexit.o(.ARM.Collect$$rtexit$$00000000)
    __rt_exit_ls                             0x0800017d   Thumb Code     0  rtexit2.o(.ARM.Collect$$rtexit$$00000003)
    __rt_exit_prels_1                        0x0800017d   Thumb Code     0  rtexit2.o(.ARM.Collect$$rtexit$$00000002)
    __rt_exit_exit                           0x08000181   Thumb Code     0  rtexit2.o(.ARM.Collect$$rtexit$$00000004)
    Reset_Handler                            0x08000189   Thumb Code     8  startup_stm32f10x_md.o(.text)
    ADC1_2_IRQHandler                        0x080001a3   Thumb Code     0  startup_stm32f10x_md.o(.text)
    CAN1_RX1_IRQHandler                      0x080001a3   Thumb Code     0  startup_stm32f10x_md.o(.text)
    CAN1_SCE_IRQHandler                      0x080001a3   Thumb Code     0  startup_stm32f10x_md.o(.text)
    DMA1_Channel2_IRQHandler                 0x080001a3   Thumb Code     0  startup_stm32f10x_md.o(.text)
    DMA1_Channel3_IRQHandler                 0x080001a3   Thumb Code     0  startup_stm32f10x_md.o(.text)
    DMA1_Channel4_IRQHandler                 0x080001a3   Thumb Code     0  startup_stm32f10x_md.o(.text)
    DMA1_Channel5_IRQHandler                 0x080001a3   Thumb Code     0  startup_stm32f10x_md.o(.text)
    DMA1_Channel6_IRQHandler                 0x080001a3   Thumb Code     0  startup_stm32f10x_md.o(.text)
    DMA1_Channel7_IRQHandler                 0x080001a3   Thumb Code     0  startup_stm32f10x_md.o(.text)
    EXTI0_IRQHandler                         0x080001a3   Thumb Code     0  startup_stm32f10x_md.o(.text)
    EXTI15_10_IRQHandler                     0x080001a3   Thumb Code     0  startup_stm32f10x_md.o(.text)
    EXTI1_IRQHandler                         0x080001a3   Thumb Code     0  startup_stm32f10x_md.o(.text)
    EXTI2_IRQHandler                         0x080001a3   Thumb Code     0  startup_stm32f10x_md.o(.text)
    EXTI3_IRQHandler                         0x080001a3   Thumb Code     0  startup_stm32f10x_md.o(.text)
    EXTI4_IRQHandler                         0x080001a3   Thumb Code     0  startup_stm32f10x_md.o(.text)
    EXTI9_5_IRQHandler                       0x080001a3   Thumb Code     0  startup_stm32f10x_md.o(.text)
    FLASH_IRQHandler                         0x080001a3   Thumb Code     0  startup_stm32f10x_md.o(.text)
    I2C1_ER_IRQHandler                       0x080001a3   Thumb Code     0  startup_stm32f10x_md.o(.text)
    I2C1_EV_IRQHandler                       0x080001a3   Thumb Code     0  startup_stm32f10x_md.o(.text)
    I2C2_ER_IRQHandler                       0x080001a3   Thumb Code     0  startup_stm32f10x_md.o(.text)
    I2C2_EV_IRQHandler                       0x080001a3   Thumb Code     0  startup_stm32f10x_md.o(.text)
    PVD_IRQHandler                           0x080001a3   Thumb Code     0  startup_stm32f10x_md.o(.text)
    RCC_IRQHandler                           0x080001a3   Thumb Code     0  startup_stm32f10x_md.o(.text)
    RTCAlarm_IRQHandler                      0x080001a3   Thumb Code     0  startup_stm32f10x_md.o(.text)
    RTC_IRQHandler                           0x080001a3   Thumb Code     0  startup_stm32f10x_md.o(.text)
    SPI1_IRQHandler                          0x080001a3   Thumb Code     0  startup_stm32f10x_md.o(.text)
    SPI2_IRQHandler                          0x080001a3   Thumb Code     0  startup_stm32f10x_md.o(.text)
    TAMPER_IRQHandler                        0x080001a3   Thumb Code     0  startup_stm32f10x_md.o(.text)
    TIM1_BRK_IRQHandler                      0x080001a3   Thumb Code     0  startup_stm32f10x_md.o(.text)
    TIM1_CC_IRQHandler                       0x080001a3   Thumb Code     0  startup_stm32f10x_md.o(.text)
    TIM1_TRG_COM_IRQHandler                  0x080001a3   Thumb Code     0  startup_stm32f10x_md.o(.text)
    TIM1_UP_IRQHandler                       0x080001a3   Thumb Code     0  startup_stm32f10x_md.o(.text)
    TIM2_IRQHandler                          0x080001a3   Thumb Code     0  startup_stm32f10x_md.o(.text)
    TIM3_IRQHandler                          0x080001a3   Thumb Code     0  startup_stm32f10x_md.o(.text)
    TIM4_IRQHandler                          0x080001a3   Thumb Code     0  startup_stm32f10x_md.o(.text)
    USART2_IRQHandler                        0x080001a3   Thumb Code     0  startup_stm32f10x_md.o(.text)
    USART3_IRQHandler                        0x080001a3   Thumb Code     0  startup_stm32f10x_md.o(.text)
    USBWakeUp_IRQHandler                     0x080001a3   Thumb Code     0  startup_stm32f10x_md.o(.text)
    USB_HP_CAN1_TX_IRQHandler                0x080001a3   Thumb Code     0  startup_stm32f10x_md.o(.text)
    USB_LP_CAN1_RX0_IRQHandler               0x080001a3   Thumb Code     0  startup_stm32f10x_md.o(.text)
    WWDG_IRQHandler                          0x080001a3   Thumb Code     0  startup_stm32f10x_md.o(.text)
    __user_initial_stackheap                 0x080001a5   Thumb Code     0  startup_stm32f10x_md.o(.text)
    SystemInit                               0x080002a7   Thumb Code    78  system_stm32f10x.o(.text)
    SystemCoreClockUpdate                    0x080002f5   Thumb Code   142  system_stm32f10x.o(.text)
    PwmCtrl                                  0x080003a9   Thumb Code    70  main.o(.text)
    AlmDeal                                  0x080003ef   Thumb Code    50  main.o(.text)
    UartProtect                              0x08000421   Thumb Code    32  main.o(.text)
    LedAllCtrl                               0x08000441   Thumb Code    68  main.o(.text)
    isNeedSave                               0x08000485   Thumb Code    26  main.o(.text)
    UartComm                                 0x0800049f   Thumb Code    74  main.o(.text)
    BitBand                                  0x080004e9   Thumb Code    38  main.o(.text)
    main                                     0x0800050f   Thumb Code    80  main.o(.text)
    AdCalc                                   0x08000629   Thumb Code    48  mid_ad.o(.text)
    ModbusClear                              0x0800068d   Thumb Code    32  uartctrl.o(.text)
    UartTest                                 0x080007c1   Thumb Code   128  uartctrl.o(.text)
    RdData                                   0x08000851   Thumb Code   210  uartctrl.o(.text)
    WrDataSgl                                0x08000923   Thumb Code   178  uartctrl.o(.text)
    RdParaFromFlash                          0x080009f5   Thumb Code    28  mid_flash.o(.text)
    WrToFlash                                0x08000a11   Thumb Code    56  mid_flash.o(.text)
    DataFirstInit                            0x08000a49   Thumb Code    90  mid_flash.o(.text)
    PwmOutOn                                 0x08000ab5   Thumb Code    74  pwmctrl.o(.text)
    PwmAllOff                                0x08000aff   Thumb Code    38  pwmctrl.o(.text)
    CalcDutyWeb                              0x08000b25   Thumb Code    34  pwmctrl.o(.text)
    Output                                   0x08000b59   Thumb Code   174  mid_out.o(.text)
    RCC_Configuration                        0x08000c1d   Thumb Code   136  bsp_init.o(.text)
    GPIO_Configuration                       0x08000da9   Thumb Code    32  bsp_init.o(.text)
    Tim_Configuration                        0x08000dc9   Thumb Code   356  bsp_init.o(.text)
    USART_Configuration                      0x08000f2d   Thumb Code    72  bsp_init.o(.text)
    NVIC_Configuration                       0x08000f75   Thumb Code    80  bsp_init.o(.text)
    Systick_Configuration                    0x08000fc5   Thumb Code    84  bsp_init.o(.text)
    DMA_Configuration                        0x08001019   Thumb Code    78  bsp_init.o(.text)
    DMA_ReStart                              0x08001067   Thumb Code   102  bsp_init.o(.text)
    ADC_Configuration                        0x080010cd   Thumb Code   138  bsp_init.o(.text)
    IWDG_Configuration                       0x08001157   Thumb Code    34  bsp_init.o(.text)
    Input                                    0x08001181   Thumb Code    88  bsp_in.o(.text)
    getOpenTab                               0x080011d9   Thumb Code   296  bsp_in.o(.text)
    getOpen4                                 0x08001301   Thumb Code   406  bsp_in.o(.text)
    GetOpenCircuit                           0x08001497   Thumb Code    12  bsp_in.o(.text)
    DMA1_Channel1_IRQHandler                 0x08001501   Thumb Code    32  stm32f10x_it.o(.text)
    SysTick_Handler                          0x08001521   Thumb Code   156  stm32f10x_it.o(.text)
    USART1_IRQHandler                        0x080015bd   Thumb Code   288  stm32f10x_it.o(.text)
    NMI_Handler                              0x080016dd   Thumb Code     2  stm32f10x_it.o(.text)
    HardFault_Handler                        0x080016df   Thumb Code     4  stm32f10x_it.o(.text)
    MemManage_Handler                        0x080016e3   Thumb Code     4  stm32f10x_it.o(.text)
    BusFault_Handler                         0x080016e7   Thumb Code     4  stm32f10x_it.o(.text)
    UsageFault_Handler                       0x080016eb   Thumb Code     4  stm32f10x_it.o(.text)
    SVC_Handler                              0x080016ef   Thumb Code     2  stm32f10x_it.o(.text)
    DebugMon_Handler                         0x080016f1   Thumb Code     2  stm32f10x_it.o(.text)
    PendSV_Handler                           0x080016f3   Thumb Code     2  stm32f10x_it.o(.text)
    NVIC_PriorityGroupConfig                 0x08001751   Thumb Code    10  misc.o(.text)
    NVIC_Init                                0x0800175b   Thumb Code   100  misc.o(.text)
    NVIC_SetVectorTable                      0x080017bf   Thumb Code    14  misc.o(.text)
    NVIC_SystemLPConfig                      0x080017cd   Thumb Code    34  misc.o(.text)
    SysTick_CLKSourceConfig                  0x080017ef   Thumb Code    40  misc.o(.text)
    ADC_DeInit                               0x0800182d   Thumb Code    78  stm32f10x_adc.o(.text)
    ADC_Init                                 0x0800187b   Thumb Code    70  stm32f10x_adc.o(.text)
    ADC_StructInit                           0x080018c1   Thumb Code    18  stm32f10x_adc.o(.text)
    ADC_Cmd                                  0x080018d3   Thumb Code    22  stm32f10x_adc.o(.text)
    ADC_DMACmd                               0x080018e9   Thumb Code    22  stm32f10x_adc.o(.text)
    ADC_ITConfig                             0x080018ff   Thumb Code    24  stm32f10x_adc.o(.text)
    ADC_ResetCalibration                     0x08001917   Thumb Code    10  stm32f10x_adc.o(.text)
    ADC_GetResetCalibrationStatus            0x08001921   Thumb Code    20  stm32f10x_adc.o(.text)
    ADC_StartCalibration                     0x08001935   Thumb Code    10  stm32f10x_adc.o(.text)
    ADC_GetCalibrationStatus                 0x0800193f   Thumb Code    20  stm32f10x_adc.o(.text)
    ADC_SoftwareStartConvCmd                 0x08001953   Thumb Code    22  stm32f10x_adc.o(.text)
    ADC_GetSoftwareStartConvStatus           0x08001969   Thumb Code    20  stm32f10x_adc.o(.text)
    ADC_DiscModeChannelCountConfig           0x0800197d   Thumb Code    24  stm32f10x_adc.o(.text)
    ADC_DiscModeCmd                          0x08001995   Thumb Code    22  stm32f10x_adc.o(.text)
    ADC_RegularChannelConfig                 0x080019ab   Thumb Code   184  stm32f10x_adc.o(.text)
    ADC_ExternalTrigConvCmd                  0x08001a63   Thumb Code    22  stm32f10x_adc.o(.text)
    ADC_GetConversionValue                   0x08001a79   Thumb Code     8  stm32f10x_adc.o(.text)
    ADC_GetDualModeConversionValue           0x08001a81   Thumb Code     8  stm32f10x_adc.o(.text)
    ADC_AutoInjectedConvCmd                  0x08001a89   Thumb Code    22  stm32f10x_adc.o(.text)
    ADC_InjectedDiscModeCmd                  0x08001a9f   Thumb Code    22  stm32f10x_adc.o(.text)
    ADC_ExternalTrigInjectedConvConfig       0x08001ab5   Thumb Code    16  stm32f10x_adc.o(.text)
    ADC_ExternalTrigInjectedConvCmd          0x08001ac5   Thumb Code    22  stm32f10x_adc.o(.text)
    ADC_SoftwareStartInjectedConvCmd         0x08001adb   Thumb Code    22  stm32f10x_adc.o(.text)
    ADC_GetSoftwareStartInjectedConvCmdStatus 0x08001af1   Thumb Code    20  stm32f10x_adc.o(.text)
    ADC_InjectedChannelConfig                0x08001b05   Thumb Code   130  stm32f10x_adc.o(.text)
    ADC_InjectedSequencerLengthConfig        0x08001b87   Thumb Code    24  stm32f10x_adc.o(.text)
    ADC_SetInjectedOffset                    0x08001b9f   Thumb Code    20  stm32f10x_adc.o(.text)
    ADC_GetInjectedConversionValue           0x08001bb3   Thumb Code    28  stm32f10x_adc.o(.text)
    ADC_AnalogWatchdogCmd                    0x08001bcf   Thumb Code    16  stm32f10x_adc.o(.text)
    ADC_AnalogWatchdogThresholdsConfig       0x08001bdf   Thumb Code     6  stm32f10x_adc.o(.text)
    ADC_AnalogWatchdogSingleChannelConfig    0x08001be5   Thumb Code    16  stm32f10x_adc.o(.text)
    ADC_TempSensorVrefintCmd                 0x08001bf5   Thumb Code    64  stm32f10x_adc.o(.text)
    ADC_GetFlagStatus                        0x08001c35   Thumb Code    18  stm32f10x_adc.o(.text)
    ADC_ClearFlag                            0x08001c47   Thumb Code     6  stm32f10x_adc.o(.text)
    ADC_GetITStatus                          0x08001c4d   Thumb Code    36  stm32f10x_adc.o(.text)
    ADC_ClearITPendingBit                    0x08001c71   Thumb Code    10  stm32f10x_adc.o(.text)
    DMA_DeInit                               0x08001c7d   Thumb Code   324  stm32f10x_dma.o(.text)
    DMA_Init                                 0x08001dc1   Thumb Code    60  stm32f10x_dma.o(.text)
    DMA_StructInit                           0x08001dfd   Thumb Code    26  stm32f10x_dma.o(.text)
    DMA_Cmd                                  0x08001e17   Thumb Code    24  stm32f10x_dma.o(.text)
    DMA_ITConfig                             0x08001e2f   Thumb Code    18  stm32f10x_dma.o(.text)
    DMA_SetCurrDataCounter                   0x08001e41   Thumb Code     4  stm32f10x_dma.o(.text)
    DMA_GetCurrDataCounter                   0x08001e45   Thumb Code     8  stm32f10x_dma.o(.text)
    DMA_GetFlagStatus                        0x08001e4d   Thumb Code    40  stm32f10x_dma.o(.text)
    DMA_ClearFlag                            0x08001e75   Thumb Code    22  stm32f10x_dma.o(.text)
    DMA_GetITStatus                          0x08001e8b   Thumb Code    40  stm32f10x_dma.o(.text)
    DMA_ClearITPendingBit                    0x08001eb3   Thumb Code    22  stm32f10x_dma.o(.text)
    FLASH_SetLatency                         0x08001ed1   Thumb Code    18  stm32f10x_flash.o(.text)
    FLASH_HalfCycleAccessCmd                 0x08001ee3   Thumb Code    22  stm32f10x_flash.o(.text)
    FLASH_PrefetchBufferCmd                  0x08001ef9   Thumb Code    22  stm32f10x_flash.o(.text)
    FLASH_Unlock                             0x08001f0f   Thumb Code    12  stm32f10x_flash.o(.text)
    FLASH_UnlockBank1                        0x08001f1b   Thumb Code    12  stm32f10x_flash.o(.text)
    FLASH_Lock                               0x08001f27   Thumb Code    14  stm32f10x_flash.o(.text)
    FLASH_LockBank1                          0x08001f35   Thumb Code    14  stm32f10x_flash.o(.text)
    FLASH_GetBank1Status                     0x08001f43   Thumb Code    48  stm32f10x_flash.o(.text)
    FLASH_WaitForLastOperation               0x08001f73   Thumb Code    38  stm32f10x_flash.o(.text)
    FLASH_ErasePage                          0x08001f99   Thumb Code    72  stm32f10x_flash.o(.text)
    FLASH_EraseAllPages                      0x08001fe1   Thumb Code    68  stm32f10x_flash.o(.text)
    FLASH_WaitForLastBank1Operation          0x08002025   Thumb Code    38  stm32f10x_flash.o(.text)
    FLASH_EraseAllBank1Pages                 0x0800204b   Thumb Code    68  stm32f10x_flash.o(.text)
    FLASH_GetReadOutProtectionStatus         0x0800208f   Thumb Code    20  stm32f10x_flash.o(.text)
    FLASH_EraseOptionBytes                   0x080020a3   Thumb Code   150  stm32f10x_flash.o(.text)
    FLASH_ProgramWord                        0x08002139   Thumb Code   102  stm32f10x_flash.o(.text)
    FLASH_ProgramHalfWord                    0x0800219f   Thumb Code    60  stm32f10x_flash.o(.text)
    FLASH_ProgramOptionByteData              0x080021db   Thumb Code    72  stm32f10x_flash.o(.text)
    FLASH_EnableWriteProtection              0x08002223   Thumb Code   200  stm32f10x_flash.o(.text)
    FLASH_ReadOutProtection                  0x080022eb   Thumb Code   156  stm32f10x_flash.o(.text)
    FLASH_UserOptionByteConfig               0x08002387   Thumb Code    88  stm32f10x_flash.o(.text)
    FLASH_GetUserOptionByte                  0x080023df   Thumb Code     8  stm32f10x_flash.o(.text)
    FLASH_GetWriteProtectionOptionByte       0x080023e7   Thumb Code     6  stm32f10x_flash.o(.text)
    FLASH_GetPrefetchBufferStatus            0x080023ed   Thumb Code    20  stm32f10x_flash.o(.text)
    FLASH_ITConfig                           0x08002401   Thumb Code    26  stm32f10x_flash.o(.text)
    FLASH_GetFlagStatus                      0x0800241b   Thumb Code    42  stm32f10x_flash.o(.text)
    FLASH_ClearFlag                          0x08002445   Thumb Code     6  stm32f10x_flash.o(.text)
    FLASH_GetStatus                          0x0800244b   Thumb Code    48  stm32f10x_flash.o(.text)
    GPIO_DeInit                              0x0800248d   Thumb Code   172  stm32f10x_gpio.o(.text)
    GPIO_AFIODeInit                          0x08002539   Thumb Code    20  stm32f10x_gpio.o(.text)
    GPIO_Init                                0x0800254d   Thumb Code   278  stm32f10x_gpio.o(.text)
    GPIO_StructInit                          0x08002663   Thumb Code    16  stm32f10x_gpio.o(.text)
    GPIO_ReadInputDataBit                    0x08002673   Thumb Code    18  stm32f10x_gpio.o(.text)
    GPIO_ReadInputData                       0x08002685   Thumb Code     8  stm32f10x_gpio.o(.text)
    GPIO_ReadOutputDataBit                   0x0800268d   Thumb Code    18  stm32f10x_gpio.o(.text)
    GPIO_ReadOutputData                      0x0800269f   Thumb Code     8  stm32f10x_gpio.o(.text)
    GPIO_SetBits                             0x080026a7   Thumb Code     4  stm32f10x_gpio.o(.text)
    GPIO_ResetBits                           0x080026ab   Thumb Code     4  stm32f10x_gpio.o(.text)
    GPIO_WriteBit                            0x080026af   Thumb Code    10  stm32f10x_gpio.o(.text)
    GPIO_Write                               0x080026b9   Thumb Code     4  stm32f10x_gpio.o(.text)
    GPIO_PinLockConfig                       0x080026bd   Thumb Code    18  stm32f10x_gpio.o(.text)
    GPIO_EventOutputConfig                   0x080026cf   Thumb Code    26  stm32f10x_gpio.o(.text)
    GPIO_EventOutputCmd                      0x080026e9   Thumb Code     6  stm32f10x_gpio.o(.text)
    GPIO_PinRemapConfig                      0x080026ef   Thumb Code   138  stm32f10x_gpio.o(.text)
    GPIO_EXTILineConfig                      0x08002779   Thumb Code    66  stm32f10x_gpio.o(.text)
    GPIO_ETH_MediaInterfaceConfig            0x080027bb   Thumb Code     8  stm32f10x_gpio.o(.text)
    IWDG_WriteAccessCmd                      0x080027e9   Thumb Code     6  stm32f10x_iwdg.o(.text)
    IWDG_SetPrescaler                        0x080027ef   Thumb Code     6  stm32f10x_iwdg.o(.text)
    IWDG_SetReload                           0x080027f5   Thumb Code     6  stm32f10x_iwdg.o(.text)
    IWDG_ReloadCounter                       0x080027fb   Thumb Code    10  stm32f10x_iwdg.o(.text)
    IWDG_Enable                              0x08002805   Thumb Code    10  stm32f10x_iwdg.o(.text)
    IWDG_GetFlagStatus                       0x0800280f   Thumb Code    20  stm32f10x_iwdg.o(.text)
    RCC_DeInit                               0x08002829   Thumb Code    64  stm32f10x_rcc.o(.text)
    RCC_HSEConfig                            0x08002869   Thumb Code    70  stm32f10x_rcc.o(.text)
    RCC_GetFlagStatus                        0x080028af   Thumb Code    56  stm32f10x_rcc.o(.text)
    RCC_WaitForHSEStartUp                    0x080028e7   Thumb Code    56  stm32f10x_rcc.o(.text)
    RCC_AdjustHSICalibrationValue            0x0800291f   Thumb Code    20  stm32f10x_rcc.o(.text)
    RCC_HSICmd                               0x08002933   Thumb Code     6  stm32f10x_rcc.o(.text)
    RCC_PLLConfig                            0x08002939   Thumb Code    24  stm32f10x_rcc.o(.text)
    RCC_PLLCmd                               0x08002951   Thumb Code     6  stm32f10x_rcc.o(.text)
    RCC_SYSCLKConfig                         0x08002957   Thumb Code    18  stm32f10x_rcc.o(.text)
    RCC_GetSYSCLKSource                      0x08002969   Thumb Code    10  stm32f10x_rcc.o(.text)
    RCC_HCLKConfig                           0x08002973   Thumb Code    18  stm32f10x_rcc.o(.text)
    RCC_PCLK1Config                          0x08002985   Thumb Code    18  stm32f10x_rcc.o(.text)
    RCC_PCLK2Config                          0x08002997   Thumb Code    20  stm32f10x_rcc.o(.text)
    RCC_ITConfig                             0x080029ab   Thumb Code    26  stm32f10x_rcc.o(.text)
    RCC_USBCLKConfig                         0x080029c5   Thumb Code     8  stm32f10x_rcc.o(.text)
    RCC_ADCCLKConfig                         0x080029cd   Thumb Code    18  stm32f10x_rcc.o(.text)
    RCC_LSEConfig                            0x080029df   Thumb Code    50  stm32f10x_rcc.o(.text)
    RCC_LSICmd                               0x08002a11   Thumb Code     6  stm32f10x_rcc.o(.text)
    RCC_RTCCLKConfig                         0x08002a17   Thumb Code    12  stm32f10x_rcc.o(.text)
    RCC_RTCCLKCmd                            0x08002a23   Thumb Code     8  stm32f10x_rcc.o(.text)
    RCC_GetClocksFreq                        0x08002a2b   Thumb Code   192  stm32f10x_rcc.o(.text)
    RCC_AHBPeriphClockCmd                    0x08002aeb   Thumb Code    26  stm32f10x_rcc.o(.text)
    RCC_APB2PeriphClockCmd                   0x08002b05   Thumb Code    26  stm32f10x_rcc.o(.text)
    RCC_APB1PeriphClockCmd                   0x08002b1f   Thumb Code    26  stm32f10x_rcc.o(.text)
    RCC_APB2PeriphResetCmd                   0x08002b39   Thumb Code    26  stm32f10x_rcc.o(.text)
    RCC_APB1PeriphResetCmd                   0x08002b53   Thumb Code    26  stm32f10x_rcc.o(.text)
    RCC_BackupResetCmd                       0x08002b6d   Thumb Code     8  stm32f10x_rcc.o(.text)
    RCC_ClockSecuritySystemCmd               0x08002b75   Thumb Code     6  stm32f10x_rcc.o(.text)
    RCC_MCOConfig                            0x08002b7b   Thumb Code     6  stm32f10x_rcc.o(.text)
    RCC_ClearFlag                            0x08002b81   Thumb Code    14  stm32f10x_rcc.o(.text)
    RCC_GetITStatus                          0x08002b8f   Thumb Code    20  stm32f10x_rcc.o(.text)
    RCC_ClearITPendingBit                    0x08002ba3   Thumb Code     6  stm32f10x_rcc.o(.text)
    TIM_DeInit                               0x08002bcd   Thumb Code   424  stm32f10x_tim.o(.text)
    TIM_TimeBaseInit                         0x08002d75   Thumb Code   122  stm32f10x_tim.o(.text)
    TIM_OC1Init                              0x08002def   Thumb Code   132  stm32f10x_tim.o(.text)
    TIM_OC2Init                              0x08002e73   Thumb Code   154  stm32f10x_tim.o(.text)
    TIM_OC3Init                              0x08002f0d   Thumb Code   150  stm32f10x_tim.o(.text)
    TIM_OC4Init                              0x08002fa3   Thumb Code   182  stm32f10x_tim.o(.text)
    TIM_SetIC4Prescaler                      0x08003059   Thumb Code    26  stm32f10x_tim.o(.text)
    TIM_SetIC3Prescaler                      0x080030f5   Thumb Code    18  stm32f10x_tim.o(.text)
    TIM_SetIC2Prescaler                      0x08003181   Thumb Code    26  stm32f10x_tim.o(.text)
    TIM_SetIC1Prescaler                      0x0800321d   Thumb Code    18  stm32f10x_tim.o(.text)
    TIM_ICInit                               0x0800329b   Thumb Code   150  stm32f10x_tim.o(.text)
    TIM_PWMIConfig                           0x08003331   Thumb Code   124  stm32f10x_tim.o(.text)
    TIM_BDTRConfig                           0x080033ad   Thumb Code    32  stm32f10x_tim.o(.text)
    TIM_TimeBaseStructInit                   0x080033cd   Thumb Code    18  stm32f10x_tim.o(.text)
    TIM_OCStructInit                         0x080033df   Thumb Code    20  stm32f10x_tim.o(.text)
    TIM_ICStructInit                         0x080033f3   Thumb Code    18  stm32f10x_tim.o(.text)
    TIM_BDTRStructInit                       0x08003405   Thumb Code    40  stm32f10x_tim.o(.text)
    TIM_Cmd                                  0x0800342d   Thumb Code    24  stm32f10x_tim.o(.text)
    TIM_CtrlPWMOutputs                       0x08003445   Thumb Code    30  stm32f10x_tim.o(.text)
    TIM_ITConfig                             0x08003463   Thumb Code    18  stm32f10x_tim.o(.text)
    TIM_GenerateEvent                        0x08003475   Thumb Code     4  stm32f10x_tim.o(.text)
    TIM_DMAConfig                            0x08003479   Thumb Code    10  stm32f10x_tim.o(.text)
    TIM_DMACmd                               0x08003483   Thumb Code    18  stm32f10x_tim.o(.text)
    TIM_InternalClockConfig                  0x08003495   Thumb Code    12  stm32f10x_tim.o(.text)
    TIM_SelectInputTrigger                   0x080034a1   Thumb Code    18  stm32f10x_tim.o(.text)
    TIM_ITRxExternalClockConfig              0x080034b3   Thumb Code    24  stm32f10x_tim.o(.text)
    TIM_TIxExternalClockConfig               0x080034cb   Thumb Code    62  stm32f10x_tim.o(.text)
    TIM_ETRConfig                            0x08003509   Thumb Code    28  stm32f10x_tim.o(.text)
    TIM_ETRClockMode1Config                  0x08003525   Thumb Code    54  stm32f10x_tim.o(.text)
    TIM_ETRClockMode2Config                  0x0800355b   Thumb Code    32  stm32f10x_tim.o(.text)
    TIM_PrescalerConfig                      0x0800357b   Thumb Code     6  stm32f10x_tim.o(.text)
    TIM_CounterModeConfig                    0x08003581   Thumb Code    18  stm32f10x_tim.o(.text)
    TIM_EncoderInterfaceConfig               0x08003593   Thumb Code    66  stm32f10x_tim.o(.text)
    TIM_ForcedOC1Config                      0x080035d5   Thumb Code    18  stm32f10x_tim.o(.text)
    TIM_ForcedOC2Config                      0x080035e7   Thumb Code    26  stm32f10x_tim.o(.text)
    TIM_ForcedOC3Config                      0x08003601   Thumb Code    18  stm32f10x_tim.o(.text)
    TIM_ForcedOC4Config                      0x08003613   Thumb Code    26  stm32f10x_tim.o(.text)
    TIM_ARRPreloadConfig                     0x0800362d   Thumb Code    24  stm32f10x_tim.o(.text)
    TIM_SelectCOM                            0x08003645   Thumb Code    24  stm32f10x_tim.o(.text)
    TIM_SelectCCDMA                          0x0800365d   Thumb Code    24  stm32f10x_tim.o(.text)
    TIM_CCPreloadControl                     0x08003675   Thumb Code    24  stm32f10x_tim.o(.text)
    TIM_OC1PreloadConfig                     0x0800368d   Thumb Code    18  stm32f10x_tim.o(.text)
    TIM_OC2PreloadConfig                     0x0800369f   Thumb Code    26  stm32f10x_tim.o(.text)
    TIM_OC3PreloadConfig                     0x080036b9   Thumb Code    18  stm32f10x_tim.o(.text)
    TIM_OC4PreloadConfig                     0x080036cb   Thumb Code    26  stm32f10x_tim.o(.text)
    TIM_OC1FastConfig                        0x080036e5   Thumb Code    18  stm32f10x_tim.o(.text)
    TIM_OC2FastConfig                        0x080036f7   Thumb Code    26  stm32f10x_tim.o(.text)
    TIM_OC3FastConfig                        0x08003711   Thumb Code    18  stm32f10x_tim.o(.text)
    TIM_OC4FastConfig                        0x08003723   Thumb Code    26  stm32f10x_tim.o(.text)
    TIM_ClearOC1Ref                          0x0800373d   Thumb Code    18  stm32f10x_tim.o(.text)
    TIM_ClearOC2Ref                          0x0800374f   Thumb Code    24  stm32f10x_tim.o(.text)
    TIM_ClearOC3Ref                          0x08003767   Thumb Code    18  stm32f10x_tim.o(.text)
    TIM_ClearOC4Ref                          0x08003779   Thumb Code    24  stm32f10x_tim.o(.text)
    TIM_OC1PolarityConfig                    0x08003791   Thumb Code    18  stm32f10x_tim.o(.text)
    TIM_OC1NPolarityConfig                   0x080037a3   Thumb Code    18  stm32f10x_tim.o(.text)
    TIM_OC2PolarityConfig                    0x080037b5   Thumb Code    26  stm32f10x_tim.o(.text)
    TIM_OC2NPolarityConfig                   0x080037cf   Thumb Code    26  stm32f10x_tim.o(.text)
    TIM_OC3PolarityConfig                    0x080037e9   Thumb Code    26  stm32f10x_tim.o(.text)
    TIM_OC3NPolarityConfig                   0x08003803   Thumb Code    26  stm32f10x_tim.o(.text)
    TIM_OC4PolarityConfig                    0x0800381d   Thumb Code    26  stm32f10x_tim.o(.text)
    TIM_CCxCmd                               0x08003837   Thumb Code    30  stm32f10x_tim.o(.text)
    TIM_CCxNCmd                              0x08003855   Thumb Code    30  stm32f10x_tim.o(.text)
    TIM_SelectOCxM                           0x08003873   Thumb Code    82  stm32f10x_tim.o(.text)
    TIM_UpdateDisableConfig                  0x080038c5   Thumb Code    24  stm32f10x_tim.o(.text)
    TIM_UpdateRequestConfig                  0x080038dd   Thumb Code    24  stm32f10x_tim.o(.text)
    TIM_SelectHallSensor                     0x080038f5   Thumb Code    24  stm32f10x_tim.o(.text)
    TIM_SelectOnePulseMode                   0x0800390d   Thumb Code    18  stm32f10x_tim.o(.text)
    TIM_SelectOutputTrigger                  0x0800391f   Thumb Code    18  stm32f10x_tim.o(.text)
    TIM_SelectSlaveMode                      0x08003931   Thumb Code    18  stm32f10x_tim.o(.text)
    TIM_SelectMasterSlaveMode                0x08003943   Thumb Code    18  stm32f10x_tim.o(.text)
    TIM_SetCounter                           0x08003955   Thumb Code     4  stm32f10x_tim.o(.text)
    TIM_SetAutoreload                        0x08003959   Thumb Code     4  stm32f10x_tim.o(.text)
    TIM_SetCompare1                          0x0800395d   Thumb Code     4  stm32f10x_tim.o(.text)
    TIM_SetCompare2                          0x08003961   Thumb Code     4  stm32f10x_tim.o(.text)
    TIM_SetCompare3                          0x08003965   Thumb Code     4  stm32f10x_tim.o(.text)
    TIM_SetCompare4                          0x08003969   Thumb Code     6  stm32f10x_tim.o(.text)
    TIM_SetClockDivision                     0x0800396f   Thumb Code    18  stm32f10x_tim.o(.text)
    TIM_GetCapture1                          0x08003981   Thumb Code     6  stm32f10x_tim.o(.text)
    TIM_GetCapture2                          0x08003987   Thumb Code     6  stm32f10x_tim.o(.text)
    TIM_GetCapture3                          0x0800398d   Thumb Code     6  stm32f10x_tim.o(.text)
    TIM_GetCapture4                          0x08003993   Thumb Code     8  stm32f10x_tim.o(.text)
    TIM_GetCounter                           0x0800399b   Thumb Code     6  stm32f10x_tim.o(.text)
    TIM_GetPrescaler                         0x080039a1   Thumb Code     6  stm32f10x_tim.o(.text)
    TIM_GetFlagStatus                        0x080039a7   Thumb Code    18  stm32f10x_tim.o(.text)
    TIM_ClearFlag                            0x080039b9   Thumb Code     6  stm32f10x_tim.o(.text)
    TIM_GetITStatus                          0x080039bf   Thumb Code    34  stm32f10x_tim.o(.text)
    TIM_ClearITPendingBit                    0x080039e1   Thumb Code     6  stm32f10x_tim.o(.text)
    USART_DeInit                             0x080039e9   Thumb Code   134  stm32f10x_usart.o(.text)
    USART_Init                               0x08003a6f   Thumb Code   210  stm32f10x_usart.o(.text)
    USART_StructInit                         0x08003b41   Thumb Code    24  stm32f10x_usart.o(.text)
    USART_ClockInit                          0x08003b59   Thumb Code    34  stm32f10x_usart.o(.text)
    USART_ClockStructInit                    0x08003b7b   Thumb Code    12  stm32f10x_usart.o(.text)
    USART_Cmd                                0x08003b87   Thumb Code    24  stm32f10x_usart.o(.text)
    USART_ITConfig                           0x08003b9f   Thumb Code    74  stm32f10x_usart.o(.text)
    USART_DMACmd                             0x08003be9   Thumb Code    18  stm32f10x_usart.o(.text)
    USART_SetAddress                         0x08003bfb   Thumb Code    18  stm32f10x_usart.o(.text)
    USART_WakeUpConfig                       0x08003c0d   Thumb Code    18  stm32f10x_usart.o(.text)
    USART_ReceiverWakeUpCmd                  0x08003c1f   Thumb Code    24  stm32f10x_usart.o(.text)
    USART_LINBreakDetectLengthConfig         0x08003c37   Thumb Code    18  stm32f10x_usart.o(.text)
    USART_LINCmd                             0x08003c49   Thumb Code    24  stm32f10x_usart.o(.text)
    USART_SendData                           0x08003c61   Thumb Code     8  stm32f10x_usart.o(.text)
    USART_ReceiveData                        0x08003c69   Thumb Code    10  stm32f10x_usart.o(.text)
    USART_SendBreak                          0x08003c73   Thumb Code    10  stm32f10x_usart.o(.text)
    USART_SetGuardTime                       0x08003c7d   Thumb Code    16  stm32f10x_usart.o(.text)
    USART_SetPrescaler                       0x08003c8d   Thumb Code    16  stm32f10x_usart.o(.text)
    USART_SmartCardCmd                       0x08003c9d   Thumb Code    24  stm32f10x_usart.o(.text)
    USART_SmartCardNACKCmd                   0x08003cb5   Thumb Code    24  stm32f10x_usart.o(.text)
    USART_HalfDuplexCmd                      0x08003ccd   Thumb Code    24  stm32f10x_usart.o(.text)
    USART_OverSampling8Cmd                   0x08003ce5   Thumb Code    22  stm32f10x_usart.o(.text)
    USART_OneBitMethodCmd                    0x08003cfb   Thumb Code    24  stm32f10x_usart.o(.text)
    USART_IrDAConfig                         0x08003d13   Thumb Code    18  stm32f10x_usart.o(.text)
    USART_IrDACmd                            0x08003d25   Thumb Code    24  stm32f10x_usart.o(.text)
    USART_GetFlagStatus                      0x08003d3d   Thumb Code    26  stm32f10x_usart.o(.text)
    USART_ClearFlag                          0x08003d57   Thumb Code    18  stm32f10x_usart.o(.text)
    USART_GetITStatus                        0x08003d69   Thumb Code    84  stm32f10x_usart.o(.text)
    USART_ClearITPendingBit                  0x08003dbd   Thumb Code    52  stm32f10x_usart.o(.text)
    __use_two_region_memory                  0x08003df1   Thumb Code     2  heapauxi.o(.text)
    __rt_heap_escrow$2region                 0x08003df3   Thumb Code     2  heapauxi.o(.text)
    __rt_heap_expand$2region                 0x08003df5   Thumb Code     2  heapauxi.o(.text)
    __user_setup_stackheap                   0x08003df7   Thumb Code    74  sys_stackheap_outer.o(.text)
    exit                                     0x08003e41   Thumb Code    18  exit.o(.text)
    __user_libspace                          0x08003e55   Thumb Code     8  libspace.o(.text)
    __user_perproc_libspace                  0x08003e55   Thumb Code     0  libspace.o(.text)
    __user_perthread_libspace                0x08003e55   Thumb Code     0  libspace.o(.text)
    _sys_exit                                0x08003e5d   Thumb Code     8  sys_exit.o(.text)
    __I$use$semihosting                      0x08003e69   Thumb Code     0  use_no_semi.o(.text)
    __use_no_semihosting_swi                 0x08003e69   Thumb Code     2  use_no_semi.o(.text)
    __semihosting_library_function           0x08003e6b   Thumb Code     0  indicate_semi.o(.text)
    gRngTab                                  0x08003e6a   Data          48  main.o(.constdata)
    Ntc_Temp                                 0x08003e9a   Data          22  mid_ad.o(.constdata)
    Ntc_Value                                0x08003eb0   Data          22  mid_ad.o(.constdata)
    Region$$Table$$Base                      0x08003ee4   Number         0  anon$$obj.o(Region$$Table)
    Region$$Table$$Limit                     0x08003f04   Number         0  anon$$obj.o(Region$$Table)
    SystemCoreClock                          0x20000000   Data           4  system_stm32f10x.o(.data)
    AHBPrescTable                            0x20000004   Data          16  system_stm32f10x.o(.data)
    pm_st                                    0x20000014   Data           4  main.o(.data)
    pm_od                                    0x20000018   Data           4  main.o(.data)
    gUartAlm                                 0x2000001c   Data           1  main.o(.data)
    TimMs_uartErr                            0x2000001e   Data           2  main.o(.data)
    gAdOk                                    0x20000020   Data           1  mid_ad.o(.data)
    Flag_RcvStep                             0x20000021   Data           1  uartctrl.o(.data)
    RcvCount                                 0x20000022   Data           1  uartctrl.o(.data)
    RcvLength                                0x20000023   Data           1  uartctrl.o(.data)
    TimMs_ModbusWait                         0x20000024   Data           1  uartctrl.o(.data)
    TimMs_ModbusClear                        0x20000025   Data           1  uartctrl.o(.data)
    PwmTab                                   0x20000028   Data          96  pwmctrl.o(.data)
    pTimTab                                  0x20000088   Data           4  pwmctrl.o(.data)
    TimMs_ledFlash                           0x2000008e   Data           2  mid_out.o(.data)
    TimMs_switch                             0x20000098   Data           2  bsp_in.o(.data)
    TimMs_open1                              0x2000009a   Data           2  bsp_in.o(.data)
    TimMs_open2                              0x2000009c   Data           2  bsp_in.o(.data)
    TimMs_open3                              0x2000009e   Data           2  bsp_in.o(.data)
    TimMs_open4                              0x200000a0   Data           2  bsp_in.o(.data)
    TimMs_openTab                            0x200000a2   Data           2  bsp_in.o(.data)
    TimMs_openDly                            0x200000a4   Data           2  bsp_in.o(.data)
    TimMs_openKeep                           0x200000a6   Data           2  bsp_in.o(.data)
    m_para                                   0x200000c0   Data          24  main.o(.bss)
    m_ovAd                                   0x200000d8   Data          16  mid_ad.o(.bss)
    gAdBuff                                  0x200000e8   Data          64  mid_ad.o(.bss)
    RcvBuff                                  0x20000128   Data          32  uartctrl.o(.bss)
    __libspace_start                         0x20000194   Data          96  libspace.o(.bss)
    __temporary_stack_top$libspace           0x200001f4   Data           0  libspace.o(.bss)



==============================================================================

Memory Map of the image

  Image Entry point : 0x080000ed

  Load Region LR_IROM1 (Base: 0x08000000, Size: 0x00003fc4, Max: 0x00020000, ABSOLUTE)

    Execution Region ER_IROM1 (Base: 0x08000000, Size: 0x00003f04, Max: 0x00020000, ABSOLUTE)

    Base Addr    Size         Type   Attr      Idx    E Section Name        Object

    0x08000000   0x000000ec   Data   RO           19    RESET               startup_stm32f10x_md.o
    0x080000ec   0x00000008   Code   RO          389  * !!!main             c_w.l(__main.o)
    0x080000f4   0x00000034   Code   RO          546    !!!scatter          c_w.l(__scatter.o)
    0x08000128   0x0000001a   Code   RO          548    !!handler_copy      c_w.l(__scatter_copy.o)
    0x08000142   0x00000002   PAD
    0x08000144   0x0000001c   Code   RO          550    !!handler_zi        c_w.l(__scatter_zi.o)
    0x08000160   0x00000002   Code   RO          416    .ARM.Collect$$libinit$$00000000  c_w.l(libinit.o)
    0x08000162   0x00000000   Code   RO          423    .ARM.Collect$$libinit$$00000002  c_w.l(libinit2.o)
    0x08000162   0x00000000   Code   RO          425    .ARM.Collect$$libinit$$00000004  c_w.l(libinit2.o)
    0x08000162   0x00000000   Code   RO          428    .ARM.Collect$$libinit$$0000000A  c_w.l(libinit2.o)
    0x08000162   0x00000000   Code   RO          430    .ARM.Collect$$libinit$$0000000C  c_w.l(libinit2.o)
    0x08000162   0x00000000   Code   RO          432    .ARM.Collect$$libinit$$0000000E  c_w.l(libinit2.o)
    0x08000162   0x00000000   Code   RO          435    .ARM.Collect$$libinit$$00000011  c_w.l(libinit2.o)
    0x08000162   0x00000000   Code   RO          437    .ARM.Collect$$libinit$$00000013  c_w.l(libinit2.o)
    0x08000162   0x00000000   Code   RO          439    .ARM.Collect$$libinit$$00000015  c_w.l(libinit2.o)
    0x08000162   0x00000000   Code   RO          441    .ARM.Collect$$libinit$$00000017  c_w.l(libinit2.o)
    0x08000162   0x00000000   Code   RO          443    .ARM.Collect$$libinit$$00000019  c_w.l(libinit2.o)
    0x08000162   0x00000000   Code   RO          445    .ARM.Collect$$libinit$$0000001B  c_w.l(libinit2.o)
    0x08000162   0x00000000   Code   RO          447    .ARM.Collect$$libinit$$0000001D  c_w.l(libinit2.o)
    0x08000162   0x00000000   Code   RO          449    .ARM.Collect$$libinit$$0000001F  c_w.l(libinit2.o)
    0x08000162   0x00000000   Code   RO          451    .ARM.Collect$$libinit$$00000021  c_w.l(libinit2.o)
    0x08000162   0x00000000   Code   RO          453    .ARM.Collect$$libinit$$00000023  c_w.l(libinit2.o)
    0x08000162   0x00000000   Code   RO          455    .ARM.Collect$$libinit$$00000025  c_w.l(libinit2.o)
    0x08000162   0x00000000   Code   RO          459    .ARM.Collect$$libinit$$0000002C  c_w.l(libinit2.o)
    0x08000162   0x00000000   Code   RO          461    .ARM.Collect$$libinit$$0000002E  c_w.l(libinit2.o)
    0x08000162   0x00000000   Code   RO          463    .ARM.Collect$$libinit$$00000030  c_w.l(libinit2.o)
    0x08000162   0x00000000   Code   RO          465    .ARM.Collect$$libinit$$00000032  c_w.l(libinit2.o)
    0x08000162   0x00000002   Code   RO          466    .ARM.Collect$$libinit$$00000033  c_w.l(libinit2.o)
    0x08000164   0x00000002   Code   RO          486    .ARM.Collect$$libshutdown$$00000000  c_w.l(libshutdown.o)
    0x08000166   0x00000000   Code   RO          499    .ARM.Collect$$libshutdown$$00000002  c_w.l(libshutdown2.o)
    0x08000166   0x00000000   Code   RO          501    .ARM.Collect$$libshutdown$$00000004  c_w.l(libshutdown2.o)
    0x08000166   0x00000000   Code   RO          504    .ARM.Collect$$libshutdown$$00000007  c_w.l(libshutdown2.o)
    0x08000166   0x00000000   Code   RO          507    .ARM.Collect$$libshutdown$$0000000A  c_w.l(libshutdown2.o)
    0x08000166   0x00000000   Code   RO          509    .ARM.Collect$$libshutdown$$0000000C  c_w.l(libshutdown2.o)
    0x08000166   0x00000000   Code   RO          512    .ARM.Collect$$libshutdown$$0000000F  c_w.l(libshutdown2.o)
    0x08000166   0x00000002   Code   RO          513    .ARM.Collect$$libshutdown$$00000010  c_w.l(libshutdown2.o)
    0x08000168   0x00000000   Code   RO          391    .ARM.Collect$$rtentry$$00000000  c_w.l(__rtentry.o)
    0x08000168   0x00000000   Code   RO          393    .ARM.Collect$$rtentry$$00000002  c_w.l(__rtentry2.o)
    0x08000168   0x00000006   Code   RO          405    .ARM.Collect$$rtentry$$00000004  c_w.l(__rtentry4.o)
    0x0800016e   0x00000000   Code   RO          395    .ARM.Collect$$rtentry$$00000009  c_w.l(__rtentry2.o)
    0x0800016e   0x00000004   Code   RO          396    .ARM.Collect$$rtentry$$0000000A  c_w.l(__rtentry2.o)
    0x08000172   0x00000000   Code   RO          398    .ARM.Collect$$rtentry$$0000000C  c_w.l(__rtentry2.o)
    0x08000172   0x00000008   Code   RO          399    .ARM.Collect$$rtentry$$0000000D  c_w.l(__rtentry2.o)
    0x0800017a   0x00000002   Code   RO          420    .ARM.Collect$$rtexit$$00000000  c_w.l(rtexit.o)
    0x0800017c   0x00000000   Code   RO          468    .ARM.Collect$$rtexit$$00000002  c_w.l(rtexit2.o)
    0x0800017c   0x00000004   Code   RO          469    .ARM.Collect$$rtexit$$00000003  c_w.l(rtexit2.o)
    0x08000180   0x00000006   Code   RO          470    .ARM.Collect$$rtexit$$00000004  c_w.l(rtexit2.o)
    0x08000186   0x00000002   PAD
    0x08000188   0x00000040   Code   RO           20    .text               startup_stm32f10x_md.o
    0x080001c8   0x000001e0   Code   RO           24    .text               system_stm32f10x.o
    0x080003a8   0x000001d4   Code   RO           82    .text               main.o
    0x0800057c   0x000000f4   Code   RO          131    .text               mid_ad.o
    0x08000670   0x00000384   Code   RO          155    .text               uartctrl.o
    0x080009f4   0x000000c0   Code   RO          174    .text               mid_flash.o
    0x08000ab4   0x000000a4   Code   RO          188    .text               pwmctrl.o
    0x08000b58   0x000000c4   Code   RO          203    .text               mid_out.o
    0x08000c1c   0x00000564   Code   RO          221    .text               bsp_init.o
    0x08001180   0x00000380   Code   RO          239    .text               bsp_in.o
    0x08001500   0x00000250   Code   RO          258    .text               stm32f10x_it.o
    0x08001750   0x000000dc   Code   RO          275    .text               misc.o
    0x0800182c   0x0000044e   Code   RO          287    .text               stm32f10x_adc.o
    0x08001c7a   0x00000002   PAD
    0x08001c7c   0x00000254   Code   RO          299    .text               stm32f10x_dma.o
    0x08001ed0   0x000005bc   Code   RO          311    .text               stm32f10x_flash.o
    0x0800248c   0x0000035c   Code   RO          323    .text               stm32f10x_gpio.o
    0x080027e8   0x00000040   Code   RO          335    .text               stm32f10x_iwdg.o
    0x08002828   0x000003a4   Code   RO          347    .text               stm32f10x_rcc.o
    0x08002bcc   0x00000e1a   Code   RO          361    .text               stm32f10x_tim.o
    0x080039e6   0x00000002   PAD
    0x080039e8   0x00000408   Code   RO          373    .text               stm32f10x_usart.o
    0x08003df0   0x00000006   Code   RO          387    .text               c_w.l(heapauxi.o)
    0x08003df6   0x0000004a   Code   RO          407    .text               c_w.l(sys_stackheap_outer.o)
    0x08003e40   0x00000012   Code   RO          409    .text               c_w.l(exit.o)
    0x08003e52   0x00000002   PAD
    0x08003e54   0x00000008   Code   RO          417    .text               c_w.l(libspace.o)
    0x08003e5c   0x0000000c   Code   RO          478    .text               c_w.l(sys_exit.o)
    0x08003e68   0x00000002   Code   RO          489    .text               c_w.l(use_no_semi.o)
    0x08003e6a   0x00000000   Code   RO          491    .text               c_w.l(indicate_semi.o)
    0x08003e6a   0x00000030   Data   RO           84    .constdata          main.o
    0x08003e9a   0x0000002c   Data   RO          133    .constdata          mid_ad.o
    0x08003ec6   0x00000002   PAD
    0x08003ec8   0x00000004   Data   RO          175    .constdata          mid_flash.o
    0x08003ecc   0x00000018   Data   RO          240    .constdata          bsp_in.o
    0x08003ee4   0x00000020   Data   RO          544    Region$$Table       anon$$obj.o


    Execution Region RW_IRAM1 (Base: 0x20000000, Size: 0x000007f8, Max: 0x00005000, ABSOLUTE)

    Base Addr    Size         Type   Attr      Idx    E Section Name        Object

    0x20000000   0x00000014   Data   RW           25    .data               system_stm32f10x.o
    0x20000014   0x0000000c   Data   RW           85    .data               main.o
    0x20000020   0x00000001   Data   RW          134    .data               mid_ad.o
    0x20000021   0x00000005   Data   RW          157    .data               uartctrl.o
    0x20000026   0x00000002   PAD
    0x20000028   0x00000066   Data   RW          189    .data               pwmctrl.o
    0x2000008e   0x00000002   Data   RW          204    .data               mid_out.o
    0x20000090   0x00000018   Data   RW          241    .data               bsp_in.o
    0x200000a8   0x00000002   Data   RW          259    .data               stm32f10x_it.o
    0x200000aa   0x00000014   Data   RW          348    .data               stm32f10x_rcc.o
    0x200000be   0x00000002   PAD
    0x200000c0   0x00000018   Zero   RW           83    .bss                main.o
    0x200000d8   0x00000050   Zero   RW          132    .bss                mid_ad.o
    0x20000128   0x00000040   Zero   RW          156    .bss                uartctrl.o
    0x20000168   0x0000002c   Zero   RW          222    .bss                bsp_init.o
    0x20000194   0x00000060   Zero   RW          418    .bss                c_w.l(libspace.o)
    0x200001f4   0x00000004   PAD
    0x200001f8   0x00000200   Zero   RW           18    HEAP                startup_stm32f10x_md.o
    0x200003f8   0x00000400   Zero   RW           17    STACK               startup_stm32f10x_md.o


==============================================================================

Image component sizes


      Code (inc. data)   RO Data    RW Data    ZI Data      Debug   Object Name

       896         94         24         24          0       2557   bsp_in.o
      1380         54          0          0         44      18892   bsp_init.o
         0          0          0          0          0       4556   core_cm3.o
       468         30         48         12         24       3718   main.o
       244         24         44          1         80       2923   mid_ad.o
       192         18          4          0          0       1314   mid_flash.o
       196         22          0          2          0        714   mid_out.o
       220         22          0          0          0       1681   misc.o
       164         18          0        102          0       1390   pwmctrl.o
        64         26        236          0       1536        772   startup_stm32f10x_md.o
      1102         26          0          0          0      10925   stm32f10x_adc.o
       596          8          0          0          0       4246   stm32f10x_dma.o
      1468         34          0          0          0       8090   stm32f10x_flash.o
       860         38          0          0          0       5613   stm32f10x_gpio.o
       592        100          0          2          0       2109   stm32f10x_it.o
        64          6          0          0          0       1225   stm32f10x_iwdg.o
       932         36          0         20          0       8752   stm32f10x_rcc.o
      3610         88          0          0          0      22724   stm32f10x_tim.o
      1032         22          0          0          0       8340   stm32f10x_usart.o
       480         38          0         20          0     273363   system_stm32f10x.o
       900         32          0          5         64       4077   uartctrl.o

    ----------------------------------------------------------------------
     15464        736        390        192       1748     387981   Object Totals
         0          0         32          0          0          0   (incl. Generated)
         4          0          2          4          0          0   (incl. Padding)

    ----------------------------------------------------------------------

      Code (inc. data)   RO Data    RW Data    ZI Data      Debug   Library Member Name

         8          0          0          0          0         68   __main.o
         0          0          0          0          0          0   __rtentry.o
        12          0          0          0          0          0   __rtentry2.o
         6          0          0          0          0          0   __rtentry4.o
        52          8          0          0          0          0   __scatter.o
        26          0          0          0          0          0   __scatter_copy.o
        28          0          0          0          0          0   __scatter_zi.o
        18          0          0          0          0         80   exit.o
         6          0          0          0          0        152   heapauxi.o
         0          0          0          0          0          0   indicate_semi.o
         2          0          0          0          0          0   libinit.o
         2          0          0          0          0          0   libinit2.o
         2          0          0          0          0          0   libshutdown.o
         2          0          0          0          0          0   libshutdown2.o
         8          4          0          0         96         68   libspace.o
         2          0          0          0          0          0   rtexit.o
        10          0          0          0          0          0   rtexit2.o
        12          4          0          0          0         68   sys_exit.o
        74          0          0          0          0         80   sys_stackheap_outer.o
         2          0          0          0          0         68   use_no_semi.o

    ----------------------------------------------------------------------
       278         16          0          0        100        584   Library Totals
         6          0          0          0          4          0   (incl. Padding)

    ----------------------------------------------------------------------

      Code (inc. data)   RO Data    RW Data    ZI Data      Debug   Library Name

       272         16          0          0         96        584   c_w.l

    ----------------------------------------------------------------------
       278         16          0          0        100        584   Library Totals

    ----------------------------------------------------------------------

==============================================================================


      Code (inc. data)   RO Data    RW Data    ZI Data      Debug   

     15742        752        390        192       1848     386325   Grand Totals
     15742        752        390        192       1848     386325   ELF Image Totals
     15742        752        390        192          0          0   ROM Totals

==============================================================================

    Total RO  Size (Code + RO Data)                16132 (  15.75kB)
    Total RW  Size (RW Data + ZI Data)              2040 (   1.99kB)
    Total ROM Size (Code + RO Data + RW Data)      16324 (  15.94kB)

==============================================================================

